<html>
<body>
<pre>
<h1>µVision Build Log</h1>
<h2>Tool Versions:</h2>
IDE-Version: ¦ÌVision V5.25.2.0
Copyright (C) 2018 ARM Ltd and ARM Germany GmbH. All rights reserved.
License Information: Chris Chris, Chris, LIC=R4HWF-6FZK8-WKBB8-3M6L3-CLL2D-VBCKK
 
Tool Versions:
Toolchain:       MDK-ARM Professional  Version: 5.25.2.0
Toolchain Path:  D:\keil5\ARM\ARMCC\Bin
C Compiler:      Armcc.exe V5.06 update 6 (build 750)
Assembler:       Armasm.exe V5.06 update 6 (build 750)
Linker/Locator:  ArmLink.exe V5.06 update 6 (build 750)
Library Manager: ArmAr.exe V5.06 update 6 (build 750)
Hex Converter:   FromElf.exe V5.06 update 6 (build 750)
CPU DLL:         SARMCM3.DLL V5.25.2.0
Dialog DLL:      DCM.DLL V1.17.1.0
Target DLL:      STLink\ST-LINKIII-KEIL_SWO.dll V3.0.1.0
Dialog DLL:      TCM.DLL V1.35.1.0
 
<h2>Project:</h2>
D:\GitHub\RT-Thread_Test\RT_thread_test\MDK-ARM\RT_thread_test.uvprojx
Project File Date:  12/18/2019

<h2>Output:</h2>
*** Using Compiler 'V5.06 update 6 (build 750)', folder: 'D:\keil5\ARM\ARMCC\Bin'
Build target 'RT_thread_test'
compiling myThread.c...
..\myDrivers\myThread\myThread.c(130): warning:  #223-D: function "rt_hw_interrupt_disable" declared implicitly
  			Level = rt_hw_interrupt_disable();
..\myDrivers\myThread\myThread.c(132): warning:  #223-D: function "rt_hw_interrupt_enable" declared implicitly
  			rt_hw_interrupt_enable(Level);
..\myDrivers\myThread\myThread.c: 2 warnings, 0 errors
linking...
Program Size: Code=14938 RO-data=762 RW-data=200 ZI-data=7088  
FromELF: creating hex file...
"RT_thread_test\RT_thread_test.axf" - 0 Error(s), 2 Warning(s).

<h2>Software Packages used:</h2>

Package Vendor: ARM
                http://www.keil.com/pack/ARM.CMSIS.5.3.0.pack
                ARM.CMSIS.5.3.0
                CMSIS (Cortex Microcontroller Software Interface Standard)
   * Component: CORE Version: 5.1.1

Package Vendor: RealThread
                https://www.rt-thread.org/download/mdk/RealThread.RT-Thread.3.1.3.pack
                RealThread.RT-Thread.3.1.3
                RT-Thread Software Components
   * Component: kernel Version: 3.1.3

Package Vendor: Keil
                http://www.keil.com/pack/Keil.STM32F4xx_DFP.2.14.0.pack
                Keil.STM32F4xx_DFP.2.14.0
                STMicroelectronics STM32F4 Series Device Support, Drivers and Examples

<h2>Collection of Component include folders:</h2>
  .\RTE\RTOS
  .\RTE\_RT_thread_test
  D:\keil5\ARM\PACK\ARM\CMSIS\5.3.0\CMSIS\Include
  D:\keil5\ARM\PACK\Keil\STM32F4xx_DFP\2.14.0\Drivers\CMSIS\Device\ST\STM32F4xx\Include
  D:\keil5\ARM\PACK\RealThread\RT-Thread\3.1.3\include

<h2>Collection of Component Files used:</h2>

   * Component: ARM::CMSIS:CORE:5.1.1

   * Component: RealThread.RT-Thread::RTOS:kernel:3.1.3
      Source file:   src\clock.c
      Source file:   src\components.c
      Source file:   src\kservice.c
      Source file:   src\mem.c
      Source file:   src\object.c
      Source file:   src\scheduler.c
      Source file:   src\idle.c
      Source file:   src\ipc.c
      Include file:  bsp\rtconfig.h
      Source file:   bsp\board.c
      Source file:   src\irq.c
      Source file:   libcpu\arm\cortex-m4\context_rvds.S
      Source file:   src\timer.c
      Source file:   libcpu\arm\cortex-m4\cpuport.c
      Source file:   src\thread.c
Build Time Elapsed:  00:00:04
</pre>
</body>
</html>
