Component: ARM Compiler 5.06 update 6 (build 750) Tool: armlink [4d35ed]

==============================================================================

Section Cross References

    startup_stm32f407xx.o(RESET) refers to startup_stm32f407xx.o(STACK) for __initial_sp
    startup_stm32f407xx.o(RESET) refers to startup_stm32f407xx.o(.text) for Reset_Handler
    startup_stm32f407xx.o(RESET) refers to stm32f4xx_it.o(i.NMI_Handler) for NMI_Handler
    startup_stm32f407xx.o(RESET) refers to context_rvds.o(.text) for HardFault_Handler
    startup_stm32f407xx.o(RESET) refers to stm32f4xx_it.o(i.MemManage_Handler) for MemManage_Handler
    startup_stm32f407xx.o(RESET) refers to stm32f4xx_it.o(i.BusFault_Handler) for BusFault_Handler
    startup_stm32f407xx.o(RESET) refers to stm32f4xx_it.o(i.UsageFault_Handler) for UsageFault_Handler
    startup_stm32f407xx.o(RESET) refers to stm32f4xx_it.o(i.SVC_Handler) for SVC_Handler
    startup_stm32f407xx.o(RESET) refers to stm32f4xx_it.o(i.DebugMon_Handler) for DebugMon_Handler
    startup_stm32f407xx.o(RESET) refers to board.o(i.SysTick_Handler) for SysTick_Handler
    startup_stm32f407xx.o(RESET) refers to stm32f4xx_it.o(i.USART1_IRQHandler) for USART1_IRQHandler
    startup_stm32f407xx.o(RESET) refers to stm32f4xx_it.o(i.TIM6_DAC_IRQHandler) for TIM6_DAC_IRQHandler
    startup_stm32f407xx.o(RESET) refers to stm32f4xx_it.o(i.DMA2_Stream2_IRQHandler) for DMA2_Stream2_IRQHandler
    startup_stm32f407xx.o(.text) refers to system_stm32f4xx.o(i.SystemInit) for SystemInit
    startup_stm32f407xx.o(.text) refers to entry.o(.ARM.Collect$$$$00000000) for __main
    myusarthd.o(i.DealUartData) refers to stm32f4xx_hal_uart.o(i.HAL_UART_Receive_DMA) for HAL_UART_Receive_DMA
    myusarthd.o(i.DealUartData) refers to myusarthd.o(i.SendFrame) for SendFrame
    myusarthd.o(i.DealUartData) refers to myusarthd.o(.bss) for .bss
    myusarthd.o(i.DealUartData) refers to usart.o(.bss) for huart1
    myusarthd.o(i.IDLE_UART_IRQHandler) refers to irq.o(i.rt_interrupt_enter) for rt_interrupt_enter
    myusarthd.o(i.IDLE_UART_IRQHandler) refers to ipc.o(i.rt_sem_release) for rt_sem_release
    myusarthd.o(i.IDLE_UART_IRQHandler) refers to stm32f4xx_hal_uart.o(i.HAL_UART_DMAStop) for HAL_UART_DMAStop
    myusarthd.o(i.IDLE_UART_IRQHandler) refers to irq.o(i.rt_interrupt_leave) for rt_interrupt_leave
    myusarthd.o(i.IDLE_UART_IRQHandler) refers to usart.o(.bss) for hdma_usart1_rx
    myusarthd.o(i.IDLE_UART_IRQHandler) refers to myusarthd.o(.bss) for .bss
    myusarthd.o(i.IDLE_UART_IRQHandler) refers to main.o(.data) for Uart_Sem
    myusarthd.o(i.MY_UartRxStruct_Init) refers to memseta.o(.text) for __aeabi_memclr4
    myusarthd.o(i.MY_UartRxStruct_Init) refers to stm32f4xx_hal_uart.o(i.HAL_UART_Receive_DMA) for HAL_UART_Receive_DMA
    myusarthd.o(i.MY_UartRxStruct_Init) refers to usart.o(.bss) for huart1
    myusarthd.o(i.MY_UartRxStruct_Init) refers to myusarthd.o(.bss) for .bss
    myusarthd.o(i.SendFrame) refers to stm32f4xx_hal_uart.o(i.HAL_UART_Transmit) for HAL_UART_Transmit
    myusarthd.o(i.SendFrame) refers to usart.o(.bss) for huart1
    myusarthd.o(i.myPrintf) refers to kservice.o(i.rt_vsnprintf) for rt_vsnprintf
    myusarthd.o(i.myPrintf) refers to stm32f4xx_hal_uart.o(i.HAL_UART_Transmit) for HAL_UART_Transmit
    myusarthd.o(i.myPrintf) refers to myusarthd.o(.bss) for .bss
    myusarthd.o(i.myPrintf) refers to usart.o(.bss) for huart1
    mythread.o(i.Display_Thread_Func) refers to ipc.o(i.rt_mb_recv) for rt_mb_recv
    mythread.o(i.Display_Thread_Func) refers to context_rvds.o(.text) for rt_hw_interrupt_disable
    mythread.o(i.Display_Thread_Func) refers to myusarthd.o(i.myPrintf) for myPrintf
    mythread.o(i.Display_Thread_Func) refers to thread.o(i.rt_thread_mdelay) for rt_thread_mdelay
    mythread.o(i.Display_Thread_Func) refers to main.o(.data) for Keyx_Mb
    mythread.o(i.KEYUP_Thread_Func) refers to mykey.o(i.KeyCheck) for KeyCheck
    mythread.o(i.KEYUP_Thread_Func) refers to thread.o(i.rt_thread_mdelay) for rt_thread_mdelay
    mythread.o(i.KEYUP_Thread_Func) refers to ipc.o(i.rt_sem_release) for rt_sem_release
    mythread.o(i.KEYUP_Thread_Func) refers to main.o(.data) for KeyUp_Sem
    mythread.o(i.KEYX_Thread_Func) refers to ipc.o(i.rt_mb_send) for rt_mb_send
    mythread.o(i.KEYX_Thread_Func) refers to mykey.o(i.KeyCheck) for KeyCheck
    mythread.o(i.KEYX_Thread_Func) refers to thread.o(i.rt_thread_mdelay) for rt_thread_mdelay
    mythread.o(i.KEYX_Thread_Func) refers to mythread.o(.data) for .data
    mythread.o(i.KEYX_Thread_Func) refers to main.o(.data) for Keyx_Mb
    mythread.o(i.LED0_Thread_Func) refers to stm32f4xx_hal_gpio.o(i.HAL_GPIO_TogglePin) for HAL_GPIO_TogglePin
    mythread.o(i.LED0_Thread_Func) refers to thread.o(i.rt_thread_mdelay) for rt_thread_mdelay
    mythread.o(i.LED1_Thread_Func) refers to ipc.o(i.rt_sem_take) for rt_sem_take
    mythread.o(i.LED1_Thread_Func) refers to stm32f4xx_hal_gpio.o(i.HAL_GPIO_TogglePin) for HAL_GPIO_TogglePin
[...]
    .ARM.Collect$$$$0000000A                 0x08000190   Section        0  entry8b.o(.ARM.Collect$$$$0000000A)
    .ARM.Collect$$$$0000000B                 0x08000190   Section        8  entry9a.o(.ARM.Collect$$$$0000000B)
    .ARM.Collect$$$$0000000D                 0x08000198   Section        0  entry10a.o(.ARM.Collect$$$$0000000D)
    .ARM.Collect$$$$0000000F                 0x08000198   Section        0  entry11a.o(.ARM.Collect$$$$0000000F)
    .ARM.Collect$$$$00002712                 0x08000198   Section        4  entry2.o(.ARM.Collect$$$$00002712)
    __lit__00000000                          0x08000198   Data           4  entry2.o(.ARM.Collect$$$$00002712)
    .text                                    0x0800019c   Section       36  startup_stm32f407xx.o(.text)
    $v0                                      0x0800019c   Number         0  startup_stm32f407xx.o(.text)
    .text                                    0x080001c0   Section      308  context_rvds.o(.text)
    $v0                                      0x080001c0   Number         0  context_rvds.o(.text)
    .text                                    0x080002f4   Section        0  uldiv.o(.text)
    .text                                    0x08000356   Section        0  memseta.o(.text)
    .text                                    0x0800037a   Section        0  llshl.o(.text)
    .text                                    0x08000398   Section        0  llushr.o(.text)
    .text                                    0x080003b8   Section       36  init.o(.text)
    i.$Sub$$main                             0x080003dc   Section        0  components.o(i.$Sub$$main)
    i.BusFault_Handler                       0x080003e6   Section        0  stm32f4xx_it.o(i.BusFault_Handler)
    i.Create_Object                          0x080003e8   Section        0  main.o(i.Create_Object)
    i.Create_Thread                          0x08000434   Section        0  main.o(i.Create_Thread)
    i.DMA2_Stream2_IRQHandler                0x08000500   Section        0  stm32f4xx_it.o(i.DMA2_Stream2_IRQHandler)
    i.DMA_CalcBaseAndBitshift                0x0800050c   Section        0  stm32f4xx_hal_dma.o(i.DMA_CalcBaseAndBitshift)
    DMA_CalcBaseAndBitshift                  0x0800050d   Thumb Code    34  stm32f4xx_hal_dma.o(i.DMA_CalcBaseAndBitshift)
    i.DMA_CheckFifoParam                     0x08000534   Section        0  stm32f4xx_hal_dma.o(i.DMA_CheckFifoParam)
    DMA_CheckFifoParam                       0x08000535   Thumb Code    84  stm32f4xx_hal_dma.o(i.DMA_CheckFifoParam)
    i.DMA_SetConfig                          0x08000588   Section        0  stm32f4xx_hal_dma.o(i.DMA_SetConfig)
    DMA_SetConfig                            0x08000589   Thumb Code    40  stm32f4xx_hal_dma.o(i.DMA_SetConfig)
    i.DealUartData                           0x080005b0   Section        0  myusarthd.o(i.DealUartData)
    i.DebugMon_Handler                       0x080005fc   Section        0  stm32f4xx_it.o(i.DebugMon_Handler)
    i.Display_Thread_Func                    0x08000600   Section        0  mythread.o(i.Display_Thread_Func)
    i.Error_Handler                          0x08000644   Section        0  main.o(i.Error_Handler)
    i.HAL_DMA_Abort                          0x08000646   Section        0  stm32f4xx_hal_dma.o(i.HAL_DMA_Abort)
    i.HAL_DMA_Abort_IT                       0x080006d4   Section        0  stm32f4xx_hal_dma.o(i.HAL_DMA_Abort_IT)
    i.HAL_DMA_IRQHandler                     0x080006f8   Section        0  stm32f4xx_hal_dma.o(i.HAL_DMA_IRQHandler)
    i.HAL_DMA_Init                           0x08000898   Section        0  stm32f4xx_hal_dma.o(i.HAL_DMA_Init)
    i.HAL_DMA_Start_IT                       0x0800096c   Section        0  stm32f4xx_hal_dma.o(i.HAL_DMA_Start_IT)
    i.HAL_GPIO_Init                          0x080009e4   Section        0  stm32f4xx_hal_gpio.o(i.HAL_GPIO_Init)
    i.HAL_GPIO_ReadPin                       0x08000b94   Section        0  stm32f4xx_hal_gpio.o(i.HAL_GPIO_ReadPin)
    i.HAL_GPIO_TogglePin                     0x08000b9e   Section        0  stm32f4xx_hal_gpio.o(i.HAL_GPIO_TogglePin)
    i.HAL_GPIO_WritePin                      0x08000bac   Section        0  stm32f4xx_hal_gpio.o(i.HAL_GPIO_WritePin)
    i.HAL_GetTick                            0x08000bb8   Section        0  stm32f4xx_hal.o(i.HAL_GetTick)
    i.HAL_Init                               0x08000bc4   Section        0  stm32f4xx_hal.o(i.HAL_Init)
    i.HAL_InitTick                           0x08000bf8   Section        0  stm32f4xx_hal.o(i.HAL_InitTick)
    i.HAL_MspInit                            0x08000c38   Section        0  stm32f4xx_hal_msp.o(i.HAL_MspInit)
    i.HAL_NVIC_EnableIRQ                     0x08000c68   Section        0  stm32f4xx_hal_cortex.o(i.HAL_NVIC_EnableIRQ)
    i.HAL_NVIC_SetPriority                   0x08000c84   Section        0  stm32f4xx_hal_cortex.o(i.HAL_NVIC_SetPriority)
    i.HAL_NVIC_SetPriorityGrouping           0x08000cc4   Section        0  stm32f4xx_hal_cortex.o(i.HAL_NVIC_SetPriorityGrouping)
    i.HAL_RCC_ClockConfig                    0x08000ce8   Section        0  stm32f4xx_hal_rcc.o(i.HAL_RCC_ClockConfig)
    i.HAL_RCC_GetPCLK1Freq                   0x08000e18   Section        0  stm32f4xx_hal_rcc.o(i.HAL_RCC_GetPCLK1Freq)
    i.HAL_RCC_GetPCLK2Freq                   0x08000e38   Section        0  stm32f4xx_hal_rcc.o(i.HAL_RCC_GetPCLK2Freq)
    i.HAL_RCC_GetSysClockFreq                0x08000e58   Section        0  stm32f4xx_hal_rcc.o(i.HAL_RCC_GetSysClockFreq)
    i.HAL_RCC_OscConfig                      0x08000eb8   Section        0  stm32f4xx_hal_rcc.o(i.HAL_RCC_OscConfig)
    i.HAL_SYSTICK_Config                     0x080011d4   Section        0  stm32f4xx_hal_cortex.o(i.HAL_SYSTICK_Config)
    i.HAL_TIMEx_BreakCallback                0x080011fc   Section        0  stm32f4xx_hal_tim_ex.o(i.HAL_TIMEx_BreakCallback)
    i.HAL_TIMEx_CommutCallback               0x080011fe   Section        0  stm32f4xx_hal_tim_ex.o(i.HAL_TIMEx_CommutCallback)
    i.HAL_TIMEx_MasterConfigSynchronization  0x08001200   Section        0  stm32f4xx_hal_tim_ex.o(i.HAL_TIMEx_MasterConfigSynchronization)
    i.HAL_TIM_Base_Init                      0x08001242   Section        0  stm32f4xx_hal_tim.o(i.HAL_TIM_Base_Init)
    i.HAL_TIM_Base_MspInit                   0x08001278   Section        0  tim.o(i.HAL_TIM_Base_MspInit)
    i.HAL_TIM_IC_CaptureCallback             0x080012b4   Section        0  stm32f4xx_hal_tim.o(i.HAL_TIM_IC_CaptureCallback)
    i.HAL_TIM_IRQHandler                     0x080012b6   Section        0  stm32f4xx_hal_tim.o(i.HAL_TIM_IRQHandler)
    i.HAL_TIM_OC_DelayElapsedCallback        0x0800141c   Section        0  stm32f4xx_hal_tim.o(i.HAL_TIM_OC_DelayElapsedCallback)
    i.HAL_TIM_PWM_PulseFinishedCallback      0x0800141e   Section        0  stm32f4xx_hal_tim.o(i.HAL_TIM_PWM_PulseFinishedCallback)
    i.HAL_TIM_PeriodElapsedCallback          0x08001420   Section        0  stm32f4xx_hal_tim.o(i.HAL_TIM_PeriodElapsedCallback)
    i.HAL_TIM_TriggerCallback                0x08001422   Section        0  stm32f4xx_hal_tim.o(i.HAL_TIM_TriggerCallback)
    i.HAL_UART_DMAStop                       0x08001424   Section        0  stm32f4xx_hal_uart.o(i.HAL_UART_DMAStop)
    i.HAL_UART_ErrorCallback                 0x0800147c   Section        0  stm32f4xx_hal_uart.o(i.HAL_UART_ErrorCallback)
    i.HAL_UART_IRQHandler                    0x08001480   Section        0  stm32f4xx_hal_uart.o(i.HAL_UART_IRQHandler)
    i.HAL_UART_Init                          0x08001590   Section        0  stm32f4xx_hal_uart.o(i.HAL_UART_Init)
    i.HAL_UART_MspInit                       0x080015f4   Section        0  usart.o(i.HAL_UART_MspInit)
    i.HAL_UART_Receive_DMA                   0x080016a8   Section        0  stm32f4xx_hal_uart.o(i.HAL_UART_Receive_DMA)
    i.HAL_UART_RxCpltCallback                0x08001740   Section        0  stm32f4xx_hal_uart.o(i.HAL_UART_RxCpltCallback)
    i.HAL_UART_RxHalfCpltCallback            0x08001742   Section        0  stm32f4xx_hal_uart.o(i.HAL_UART_RxHalfCpltCallback)
    i.HAL_UART_Transmit                      0x08001744   Section        0  stm32f4xx_hal_uart.o(i.HAL_UART_Transmit)
    i.HAL_UART_TxCpltCallback                0x080017fe   Section        0  stm32f4xx_hal_uart.o(i.HAL_UART_TxCpltCallback)
    i.IDLE_UART_IRQHandler                   0x08001800   Section        0  myusarthd.o(i.IDLE_UART_IRQHandler)
    i.KEYUP_Thread_Func                      0x08001864   Section        0  mythread.o(i.KEYUP_Thread_Func)
    i.KEYX_Thread_Func                       0x080018a4   Section        0  mythread.o(i.KEYX_Thread_Func)
    i.KeyCheck                               0x0800195c   Section        0  mykey.o(i.KeyCheck)
    i.LED0_Thread_Func                       0x080019a0   Section        0  mythread.o(i.LED0_Thread_Func)
    i.LED1_Thread_Func                       0x080019c0   Section        0  mythread.o(i.LED1_Thread_Func)
    i.MX_DMA_Init                            0x080019e8   Section        0  dma.o(i.MX_DMA_Init)
    i.MX_GPIO_Init                           0x08001a14   Section        0  gpio.o(i.MX_GPIO_Init)
    i.MX_TIM6_Init                           0x08001ac8   Section        0  tim.o(i.MX_TIM6_Init)
    i.MX_USART1_UART_Init                    0x08001b10   Section        0  usart.o(i.MX_USART1_UART_Init)
    i.MY_UartRxStruct_Init                   0x08001b48   Section        0  myusarthd.o(i.MY_UartRxStruct_Init)
    i.MemManage_Handler                      0x08001b9c   Section        0  stm32f4xx_it.o(i.MemManage_Handler)
    i.NMI_Handler                            0x08001b9e   Section        0  stm32f4xx_it.o(i.NMI_Handler)
    i.SVC_Handler                            0x08001ba0   Section        0  stm32f4xx_it.o(i.SVC_Handler)
    i.SendFrame                              0x08001ba4   Section        0  myusarthd.o(i.SendFrame)
    i.SysTick_Handler                        0x08001bb8   Section        0  board.o(i.SysTick_Handler)
    i.SystemClock_Config                     0x08001bcc   Section        0  main.o(i.SystemClock_Config)
    i.SystemCoreClockUpdate                  0x08001c4c   Section        0  system_stm32f4xx.o(i.SystemCoreClockUpdate)
    i.SystemInit                             0x08001cc4   Section        0  system_stm32f4xx.o(i.SystemInit)
    i.TIM6_DAC_IRQHandler                    0x08001d18   Section        0  stm32f4xx_it.o(i.TIM6_DAC_IRQHandler)
    i.TIM_Base_SetConfig                     0x08001d24   Section        0  stm32f4xx_hal_tim.o(i.TIM_Base_SetConfig)
    i.UART_DMAAbortOnError                   0x08001dec   Section        0  stm32f4xx_hal_uart.o(i.UART_DMAAbortOnError)
    UART_DMAAbortOnError                     0x08001ded   Thumb Code    16  stm32f4xx_hal_uart.o(i.UART_DMAAbortOnError)
    i.UART_DMAError                          0x08001dfc   Section        0  stm32f4xx_hal_uart.o(i.UART_DMAError)
    UART_DMAError                            0x08001dfd   Thumb Code    74  stm32f4xx_hal_uart.o(i.UART_DMAError)
    i.UART_DMAReceiveCplt                    0x08001e46   Section        0  stm32f4xx_hal_uart.o(i.UART_DMAReceiveCplt)
    UART_DMAReceiveCplt                      0x08001e47   Thumb Code    60  stm32f4xx_hal_uart.o(i.UART_DMAReceiveCplt)
    i.UART_DMARxHalfCplt                     0x08001e82   Section        0  stm32f4xx_hal_uart.o(i.UART_DMARxHalfCplt)
    UART_DMARxHalfCplt                       0x08001e83   Thumb Code    10  stm32f4xx_hal_uart.o(i.UART_DMARxHalfCplt)
    i.UART_EndRxTransfer                     0x08001e8c   Section        0  stm32f4xx_hal_uart.o(i.UART_EndRxTransfer)
    UART_EndRxTransfer                       0x08001e8d   Thumb Code    28  stm32f4xx_hal_uart.o(i.UART_EndRxTransfer)
    i.UART_EndTxTransfer                     0x08001ea8   Section        0  stm32f4xx_hal_uart.o(i.UART_EndTxTransfer)
    UART_EndTxTransfer                       0x08001ea9   Thumb Code    18  stm32f4xx_hal_uart.o(i.UART_EndTxTransfer)
    i.UART_Receive_IT                        0x08001eba   Section        0  stm32f4xx_hal_uart.o(i.UART_Receive_IT)
    UART_Receive_IT                          0x08001ebb   Thumb Code   150  stm32f4xx_hal_uart.o(i.UART_Receive_IT)
    i.UART_SetConfig                         0x08001f50   Section        0  stm32f4xx_hal_uart.o(i.UART_SetConfig)
    UART_SetConfig                           0x08001f51   Thumb Code   676  stm32f4xx_hal_uart.o(i.UART_SetConfig)
    i.UART_Thread_Func                       0x080021fc   Section        0  mythread.o(i.UART_Thread_Func)
    i.UART_Transmit_IT                       0x08002214   Section        0  stm32f4xx_hal_uart.o(i.UART_Transmit_IT)
    UART_Transmit_IT                         0x08002215   Thumb Code    98  stm32f4xx_hal_uart.o(i.UART_Transmit_IT)
    i.UART_WaitOnFlagUntilTimeout            0x08002276   Section        0  stm32f4xx_hal_uart.o(i.UART_WaitOnFlagUntilTimeout)
    UART_WaitOnFlagUntilTimeout              0x08002277   Thumb Code   100  stm32f4xx_hal_uart.o(i.UART_WaitOnFlagUntilTimeout)
    i.USART1_IRQHandler                      0x080022dc   Section        0  stm32f4xx_it.o(i.USART1_IRQHandler)
    i.UsageFault_Handler                     0x080022f4   Section        0  stm32f4xx_it.o(i.UsageFault_Handler)
    i.__NVIC_SetPriority                     0x080022f6   Section        0  stm32f4xx_hal_cortex.o(i.__NVIC_SetPriority)
    __NVIC_SetPriority                       0x080022f7   Thumb Code    32  stm32f4xx_hal_cortex.o(i.__NVIC_SetPriority)
    i.__rt_ffs                               0x08002318   Section        0  kservice.o(i.__rt_ffs)
    i.__scatterload_copy                     0x0800235c   Section       14  handlers.o(i.__scatterload_copy)
    i.__scatterload_null                     0x0800236a   Section        2  handlers.o(i.__scatterload_null)
    i.__scatterload_zeroinit                 0x0800236c   Section       14  handlers.o(i.__scatterload_zeroinit)
    i._has_defunct_thread                    0x0800237c   Section        0  idle.o(i._has_defunct_thread)
    _has_defunct_thread                      0x0800237d   Thumb Code    16  idle.o(i._has_defunct_thread)
    i._rt_thread_init                        0x08002390   Section        0  thread.o(i._rt_thread_init)
    _rt_thread_init                          0x08002391   Thumb Code   118  thread.o(i._rt_thread_init)
    i._rt_timer_init                         0x08002410   Section        0  timer.o(i._rt_timer_init)
    _rt_timer_init                           0x08002411   Thumb Code    28  timer.o(i._rt_timer_init)
    i._rt_timer_remove                       0x0800242c   Section        0  timer.o(i._rt_timer_remove)
    _rt_timer_remove                         0x0800242d   Thumb Code    18  timer.o(i._rt_timer_remove)
    i.main                                   0x08002440   Section        0  main.o(i.main)
    i.main_thread_entry                      0x08002498   Section        0  components.o(i.main_thread_entry)
    i.myPrintf                               0x080024a8   Section        0  myusarthd.o(i.myPrintf)
    i.plug_holes                             0x080024dc   Section        0  mem.o(i.plug_holes)
    plug_holes                               0x080024dd   Thumb Code    80  mem.o(i.plug_holes)
    i.print_number                           0x08002530   Section        0  kservice.o(i.print_number)
    print_number                             0x08002531   Thumb Code   300  kservice.o(i.print_number)
    i.rt_application_init                    0x08002660   Section        0  components.o(i.rt_application_init)
    i.rt_components_board_init               0x0800268c   Section        0  components.o(i.rt_components_board_init)
    i.rt_components_init                     0x080026a8   Section        0  components.o(i.rt_components_init)
    i.rt_enter_critical                      0x080026c4   Section        0  scheduler.o(i.rt_enter_critical)
    i.rt_exit_critical                       0x080026e0   Section        0  scheduler.o(i.rt_exit_critical)
    i.rt_free                                0x08002718   Section        0  mem.o(i.rt_free)
    i.rt_heap_begin_get                      0x080027dc   Section        0  board.o(i.rt_heap_begin_get)
    i.rt_heap_end_get                        0x080027e4   Section        0  board.o(i.rt_heap_end_get)
    i.rt_hw_board_init                       0x080027ec   Section        0  board.o(i.rt_hw_board_init)
    i.rt_hw_console_output                   0x0800283c   Section        0  kservice.o(i.rt_hw_console_output)
    i.rt_hw_hard_fault_exception             0x08002840   Section        0  cpuport.o(i.rt_hw_hard_fault_exception)
    i.rt_hw_stack_init                       0x08002a50   Section        0  cpuport.o(i.rt_hw_stack_init)
    i.rt_interrupt_enter                     0x08002a8c   Section        0  irq.o(i.rt_interrupt_enter)
    i.rt_interrupt_leave                     0x08002aa8   Section        0  irq.o(i.rt_interrupt_leave)
    i.rt_ipc_list_suspend                    0x08002ac4   Section        0  ipc.o(i.rt_ipc_list_suspend)
    rt_ipc_list_suspend                      0x08002ac5   Thumb Code    82  ipc.o(i.rt_ipc_list_suspend)
    i.rt_kprintf                             0x08002b18   Section        0  kservice.o(i.rt_kprintf)
    i.rt_list_insert_after                   0x08002b38   Section        0  object.o(i.rt_list_insert_after)
    rt_list_insert_after                     0x08002b39   Thumb Code    14  object.o(i.rt_list_insert_after)
    i.rt_list_insert_after                   0x08002b46   Section        0  thread.o(i.rt_list_insert_after)
    rt_list_insert_after                     0x08002b47   Thumb Code    14  thread.o(i.rt_list_insert_after)
    i.rt_list_insert_after                   0x08002b54   Section        0  timer.o(i.rt_list_insert_after)
    rt_list_insert_after                     0x08002b55   Thumb Code    14  timer.o(i.rt_list_insert_after)
    i.rt_list_insert_before                  0x08002b62   Section        0  ipc.o(i.rt_list_insert_before)
    rt_list_insert_before                    0x08002b63   Thumb Code    14  ipc.o(i.rt_list_insert_before)
    i.rt_list_remove                         0x08002b70   Section        0  object.o(i.rt_list_remove)
    rt_list_remove                           0x08002b71   Thumb Code    18  object.o(i.rt_list_remove)
    i.rt_list_remove                         0x08002b82   Section        0  thread.o(i.rt_list_remove)
    rt_list_remove                           0x08002b83   Thumb Code    18  thread.o(i.rt_list_remove)
    i.rt_malloc                              0x08002b94   Section        0  mem.o(i.rt_malloc)
    i.rt_mb_create                           0x08002c84   Section        0  ipc.o(i.rt_mb_create)
    i.rt_mb_recv                             0x08002ccc   Section        0  ipc.o(i.rt_mb_recv)
    i.rt_mb_send                             0x08002dc2   Section        0  ipc.o(i.rt_mb_send)
    i.rt_mb_send_wait                        0x08002dc8   Section        0  ipc.o(i.rt_mb_send_wait)
    i.rt_memset                              0x08002eb4   Section        0  kservice.o(i.rt_memset)
    i.rt_object_allocate                     0x08002efa   Section        0  object.o(i.rt_object_allocate)
    i.rt_object_delete                       0x08002f4a   Section        0  object.o(i.rt_object_delete)
    i.rt_object_detach                       0x08002f70   Section        0  object.o(i.rt_object_detach)
    i.rt_object_get_information              0x08002f90   Section        0  object.o(i.rt_object_get_information)
    i.rt_object_init                         0x08002fb4   Section        0  object.o(i.rt_object_init)
    i.rt_object_is_systemobject              0x08003004   Section        0  object.o(i.rt_object_is_systemobject)
    i.rt_schedule                            0x08003014   Section        0  scheduler.o(i.rt_schedule)
    i.rt_schedule_insert_thread              0x0800306c   Section        0  scheduler.o(i.rt_schedule_insert_thread)
    i.rt_schedule_remove_thread              0x080030bc   Section        0  scheduler.o(i.rt_schedule_remove_thread)
    i.rt_sem_create                          0x08003104   Section        0  ipc.o(i.rt_sem_create)
    i.rt_sem_init                            0x08003124   Section        0  ipc.o(i.rt_sem_init)
    i.rt_sem_release                         0x08003148   Section        0  ipc.o(i.rt_sem_release)
    i.rt_sem_take                            0x0800317e   Section        0  ipc.o(i.rt_sem_take)
    i.rt_show_version                        0x080031ec   Section        0  kservice.o(i.rt_show_version)
    i.rt_strlen                              0x0800329c   Section        0  kservice.o(i.rt_strlen)
    i.rt_strncpy                             0x080032ac   Section        0  kservice.o(i.rt_strncpy)
    i.rt_system_heap_init                    0x080032d4   Section        0  mem.o(i.rt_system_heap_init)
    i.rt_system_scheduler_init               0x08003380   Section        0  scheduler.o(i.rt_system_scheduler_init)
    i.rt_system_scheduler_start              0x080033b4   Section        0  scheduler.o(i.rt_system_scheduler_start)
    i.rt_system_timer_init                   0x080033dc   Section        0  timer.o(i.rt_system_timer_init)
    i.rt_system_timer_thread_init            0x080033e8   Section        0  timer.o(i.rt_system_timer_thread_init)
    i.rt_thread_create                       0x080033ea   Section        0  thread.o(i.rt_thread_create)
    i.rt_thread_exit                         0x08003434   Section        0  thread.o(i.rt_thread_exit)
    i.rt_thread_idle_entry                   0x0800348c   Section        0  idle.o(i.rt_thread_idle_entry)
    rt_thread_idle_entry                     0x0800348d   Thumb Code     6  idle.o(i.rt_thread_idle_entry)
    i.rt_thread_idle_excute                  0x08003494   Section        0  idle.o(i.rt_thread_idle_excute)
    i.rt_thread_idle_init                    0x0800350c   Section        0  idle.o(i.rt_thread_idle_init)
    i.rt_thread_init                         0x08003544   Section        0  thread.o(i.rt_thread_init)
    i.rt_thread_mdelay                       0x08003574   Section        0  thread.o(i.rt_thread_mdelay)
    i.rt_thread_resume                       0x08003582   Section        0  thread.o(i.rt_thread_resume)
    i.rt_thread_self                         0x080035c0   Section        0  thread.o(i.rt_thread_self)
    i.rt_thread_sleep                        0x080035cc   Section        0  thread.o(i.rt_thread_sleep)
    i.rt_thread_startup                      0x0800360c   Section        0  thread.o(i.rt_thread_startup)
    i.rt_thread_suspend                      0x08003638   Section        0  thread.o(i.rt_thread_suspend)
    i.rt_thread_timeout                      0x0800367a   Section        0  thread.o(i.rt_thread_timeout)
    i.rt_thread_yield                        0x0800369c   Section        0  thread.o(i.rt_thread_yield)
    i.rt_tick_from_millisecond               0x080036fc   Section        0  clock.o(i.rt_tick_from_millisecond)
    i.rt_tick_get                            0x08003730   Section        0  clock.o(i.rt_tick_get)
    i.rt_tick_increase                       0x0800373c   Section        0  clock.o(i.rt_tick_increase)
    i.rt_timer_check                         0x08003768   Section        0  timer.o(i.rt_timer_check)
    i.rt_timer_control                       0x080037d0   Section        0  timer.o(i.rt_timer_control)
    i.rt_timer_detach                        0x08003800   Section        0  timer.o(i.rt_timer_detach)
    i.rt_timer_init                          0x08003820   Section        0  timer.o(i.rt_timer_init)
    i.rt_timer_start                         0x08003848   Section        0  timer.o(i.rt_timer_start)
    i.rt_timer_stop                          0x080038d4   Section        0  timer.o(i.rt_timer_stop)
    i.rt_vsnprintf                           0x08003904   Section        0  kservice.o(i.rt_vsnprintf)
    i.rti_board_end                          0x08003b80   Section        0  components.o(i.rti_board_end)
    rti_board_end                            0x08003b81   Thumb Code     4  components.o(i.rti_board_end)
    i.rti_board_start                        0x08003b84   Section        0  components.o(i.rti_board_start)
    rti_board_start                          0x08003b85   Thumb Code     4  components.o(i.rti_board_start)
    i.rti_end                                0x08003b88   Section        0  components.o(i.rti_end)
    rti_end                                  0x08003b89   Thumb Code     4  components.o(i.rti_end)
    i.rti_start                              0x08003b8c   Section        0  components.o(i.rti_start)
    rti_start                                0x08003b8d   Thumb Code     4  components.o(i.rti_start)
    i.rtthread_startup                       0x08003b90   Section        0  components.o(i.rtthread_startup)
    i.skip_atoi                              0x08003bba   Section        0  kservice.o(i.skip_atoi)
    skip_atoi                                0x08003bbb   Thumb Code    40  kservice.o(i.skip_atoi)
    .constdata                               0x08003be2   Section        8  stm32f4xx_hal_dma.o(.constdata)
    flagBitshiftOffset                       0x08003be2   Data           8  stm32f4xx_hal_dma.o(.constdata)
    .constdata                               0x08003bea   Section       16  system_stm32f4xx.o(.constdata)
    .constdata                               0x08003bfa   Section        8  system_stm32f4xx.o(.constdata)
    .constdata                               0x08003c02   Section      290  kservice.o(.constdata)
    small_digits                             0x08003d02   Data          17  kservice.o(.constdata)
    large_digits                             0x08003d13   Data          17  kservice.o(.constdata)
    .rti_fn.0                                0x08003d24   Section        4  components.o(.rti_fn.0)
    __tagsym$$used                           0x08003d24   Number         0  components.o(.rti_fn.0)
    .rti_fn.0.end                            0x08003d28   Section        4  components.o(.rti_fn.0.end)
    __tagsym$$used                           0x08003d28   Number         0  components.o(.rti_fn.0.end)
    .rti_fn.1.end                            0x08003d2c   Section        4  components.o(.rti_fn.1.end)
    __tagsym$$used                           0x08003d2c   Number         0  components.o(.rti_fn.1.end)
    .rti_fn.6.end                            0x08003d30   Section        4  components.o(.rti_fn.6.end)
    __tagsym$$used                           0x08003d30   Number         0  components.o(.rti_fn.6.end)
    .data                                    0x20000000   Section        4  mythread.o(.data)
    timLen                                   0x20000000   Data           4  mythread.o(.data)
    .data                                    0x20000004   Section       36  main.o(.data)
    .data                                    0x20000028   Section       12  stm32f4xx_hal.o(.data)
    .data                                    0x20000034   Section        4  system_stm32f4xx.o(.data)
    .data                                    0x20000038   Section        4  cpuport.o(.data)
    rt_exception_hook                        0x20000038   Data           4  cpuport.o(.data)
    .data                                    0x2000003c   Section        4  cpuport.o(.data)
    .data                                    0x20000040   Section        4  cpuport.o(.data)
    .data                                    0x20000044   Section        4  cpuport.o(.data)
    .data                                    0x20000048   Section        4  clock.o(.data)
    rt_tick                                  0x20000048   Data           4  clock.o(.data)
    .data                                    0x2000004c   Section        1  irq.o(.data)
    .data                                    0x20000050   Section       24  mem.o(.data)
    heap_ptr                                 0x20000050   Data           4  mem.o(.data)
    heap_end                                 0x20000054   Data           4  mem.o(.data)
    lfree                                    0x20000058   Data           4  mem.o(.data)
    mem_size_aligned                         0x2000005c   Data           4  mem.o(.data)
    used_mem                                 0x20000060   Data           4  mem.o(.data)
    max_mem                                  0x20000064   Data           4  mem.o(.data)
    .data                                    0x20000068   Section       64  object.o(.data)
    rt_object_container                      0x20000068   Data          64  object.o(.data)
    .data                                    0x200000a8   Section       20  scheduler.o(.data)
    rt_scheduler_lock_nest                   0x200000aa   Data           2  scheduler.o(.data)
    .data                                    0x200000bc   Section       12  timer.o(.data)
    random_nr                                0x200000bc   Data           4  timer.o(.data)
    rt_timer_list                            0x200000c0   Data           8  timer.o(.data)
    .bss                                     0x200000c8   Section     1140  myusarthd.o(.bss)
    rt_log_buf                               0x200000c8   Data         128  myusarthd.o(.bss)
    .bss                                     0x2000053c   Section       64  tim.o(.bss)
    .bss                                     0x2000057c   Section      160  usart.o(.bss)
    .bss                                     0x2000061c   Section      376  idle.o(.bss)
    idle                                     0x2000061c   Data         120  idle.o(.bss)
    rt_thread_stack                          0x20000694   Data         256  idle.o(.bss)
    .bss                                     0x20000794   Section      128  kservice.o(.bss)
    rt_log_buf                               0x20000794   Data         128  kservice.o(.bss)
    .bss                                     0x20000814   Section       32  mem.o(.bss)
    heap_sem                                 0x20000814   Data          32  mem.o(.bss)
    .bss                                     0x20000834   Section       64  scheduler.o(.bss)
    .bss                                     0x20000874   Section     4096  board.o(.bss)
    rt_heap                                  0x20000874   Data        4096  board.o(.bss)
    STACK                                    0x20001878   Section     1024  startup_stm32f407xx.o(STACK)

    Global Symbols

    Symbol Name                              Value     Ov Type        Size  Object(Section)

    BuildAttributes$$THM_ISAv4$E$P$D$K$B$S$7EM$VFPi3$EXTD16$VFPS$VFMA$PE$A:L22UL41UL21$X:L11$S22US41US21$IEEE1$IW$USESV6$~STKCKD$USESV7$~SHL$OSPACE$EBA8$MICROLIB$REQ8$PRES8$EABIv2 0x00000000   Number         0  anon$$obj.o ABSOLUTE
    __ARM_use_no_argv                        0x00000000   Number         0  main.o ABSOLUTE
    __cpp_initialize__aeabi_                  - Undefined Weak Reference
    __cxa_finalize                            - Undefined Weak Reference
    __decompress                              - Undefined Weak Reference
    _clock_init                               - Undefined Weak Reference
    _microlib_exit                            - Undefined Weak Reference
    __Vectors_Size                           0x00000188   Number         0  startup_stm32f407xx.o ABSOLUTE
    __Vectors                                0x08000000   Data           4  startup_stm32f407xx.o(RESET)
    __Vectors_End                            0x08000188   Data           0  startup_stm32f407xx.o(RESET)
    __main                                   0x08000189   Thumb Code     0  entry.o(.ARM.Collect$$$$00000000)
    _main_stk                                0x08000189   Thumb Code     0  entry2.o(.ARM.Collect$$$$00000001)
    _main_scatterload                        0x0800018d   Thumb Code     0  entry5.o(.ARM.Collect$$$$00000004)
    __main_after_scatterload                 0x08000191   Thumb Code     0  entry5.o(.ARM.Collect$$$$00000004)
    _main_clock                              0x08000191   Thumb Code     0  entry7b.o(.ARM.Collect$$$$00000008)
    _main_cpp_init                           0x08000191   Thumb Code     0  entry8b.o(.ARM.Collect$$$$0000000A)
    _main_init                               0x08000191   Thumb Code     0  entry9a.o(.ARM.Collect$$$$0000000B)
    __rt_final_cpp                           0x08000199   Thumb Code     0  entry10a.o(.ARM.Collect$$$$0000000D)
    __rt_final_exit                          0x08000199   Thumb Code     0  entry11a.o(.ARM.Collect$$$$0000000F)
    Reset_Handler                            0x0800019d   Thumb Code     8  startup_stm32f407xx.o(.text)
    ADC_IRQHandler                           0x080001b7   Thumb Code     0  startup_stm32f407xx.o(.text)
    CAN1_RX0_IRQHandler                      0x080001b7   Thumb Code     0  startup_stm32f407xx.o(.text)
    CAN1_RX1_IRQHandler                      0x080001b7   Thumb Code     0  startup_stm32f407xx.o(.text)
    CAN1_SCE_IRQHandler                      0x080001b7   Thumb Code     0  startup_stm32f407xx.o(.text)
    CAN1_TX_IRQHandler                       0x080001b7   Thumb Code     0  startup_stm32f407xx.o(.text)
    CAN2_RX0_IRQHandler                      0x080001b7   Thumb Code     0  startup_stm32f407xx.o(.text)
    CAN2_RX1_IRQHandler                      0x080001b7   Thumb Code     0  startup_stm32f407xx.o(.text)
    CAN2_SCE_IRQHandler                      0x080001b7   Thumb Code     0  startup_stm32f407xx.o(.text)
    CAN2_TX_IRQHandler                       0x080001b7   Thumb Code     0  startup_stm32f407xx.o(.text)
    DCMI_IRQHandler                          0x080001b7   Thumb Code     0  startup_stm32f407xx.o(.text)
    DMA1_Stream0_IRQHandler                  0x080001b7   Thumb Code     0  startup_stm32f407xx.o(.text)
    DMA1_Stream1_IRQHandler                  0x080001b7   Thumb Code     0  startup_stm32f407xx.o(.text)
    DMA1_Stream2_IRQHandler                  0x080001b7   Thumb Code     0  startup_stm32f407xx.o(.text)
    DMA1_Stream3_IRQHandler                  0x080001b7   Thumb Code     0  startup_stm32f407xx.o(.text)
    DMA1_Stream4_IRQHandler                  0x080001b7   Thumb Code     0  startup_stm32f407xx.o(.text)
    DMA1_Stream5_IRQHandler                  0x080001b7   Thumb Code     0  startup_stm32f407xx.o(.text)
    DMA1_Stream6_IRQHandler                  0x080001b7   Thumb Code     0  startup_stm32f407xx.o(.text)
    DMA1_Stream7_IRQHandler                  0x080001b7   Thumb Code     0  startup_stm32f407xx.o(.text)
    DMA2_Stream0_IRQHandler                  0x080001b7   Thumb Code     0  startup_stm32f407xx.o(.text)
    DMA2_Stream1_IRQHandler                  0x080001b7   Thumb Code     0  startup_stm32f407xx.o(.text)
    DMA2_Stream3_IRQHandler                  0x080001b7   Thumb Code     0  startup_stm32f407xx.o(.text)
    DMA2_Stream4_IRQHandler                  0x080001b7   Thumb Code     0  startup_stm32f407xx.o(.text)
    DMA2_Stream5_IRQHandler                  0x080001b7   Thumb Code     0  startup_stm32f407xx.o(.text)
    DMA2_Stream6_IRQHandler                  0x080001b7   Thumb Code     0  startup_stm32f407xx.o(.text)
    DMA2_Stream7_IRQHandler                  0x080001b7   Thumb Code     0  startup_stm32f407xx.o(.text)
    ETH_IRQHandler                           0x080001b7   Thumb Code     0  startup_stm32f407xx.o(.text)
    ETH_WKUP_IRQHandler                      0x080001b7   Thumb Code     0  startup_stm32f407xx.o(.text)
    EXTI0_IRQHandler                         0x080001b7   Thumb Code     0  startup_stm32f407xx.o(.text)
    EXTI15_10_IRQHandler                     0x080001b7   Thumb Code     0  startup_stm32f407xx.o(.text)
    EXTI1_IRQHandler                         0x080001b7   Thumb Code     0  startup_stm32f407xx.o(.text)
    EXTI2_IRQHandler                         0x080001b7   Thumb Code     0  startup_stm32f407xx.o(.text)
    EXTI3_IRQHandler                         0x080001b7   Thumb Code     0  startup_stm32f407xx.o(.text)
    EXTI4_IRQHandler                         0x080001b7   Thumb Code     0  startup_stm32f407xx.o(.text)
    EXTI9_5_IRQHandler                       0x080001b7   Thumb Code     0  startup_stm32f407xx.o(.text)
    FLASH_IRQHandler                         0x080001b7   Thumb Code     0  startup_stm32f407xx.o(.text)
    FMC_IRQHandler                           0x080001b7   Thumb Code     0  startup_stm32f407xx.o(.text)
    FPU_IRQHandler                           0x080001b7   Thumb Code     0  startup_stm32f407xx.o(.text)
    HASH_RNG_IRQHandler                      0x080001b7   Thumb Code     0  startup_stm32f407xx.o(.text)
    I2C1_ER_IRQHandler                       0x080001b7   Thumb Code     0  startup_stm32f407xx.o(.text)
    I2C1_EV_IRQHandler                       0x080001b7   Thumb Code     0  startup_stm32f407xx.o(.text)
    I2C2_ER_IRQHandler                       0x080001b7   Thumb Code     0  startup_stm32f407xx.o(.text)
    I2C2_EV_IRQHandler                       0x080001b7   Thumb Code     0  startup_stm32f407xx.o(.text)
    I2C3_ER_IRQHandler                       0x080001b7   Thumb Code     0  startup_stm32f407xx.o(.text)
    I2C3_EV_IRQHandler                       0x080001b7   Thumb Code     0  startup_stm32f407xx.o(.text)
    OTG_FS_IRQHandler                        0x080001b7   Thumb Code     0  startup_stm32f407xx.o(.text)
    OTG_FS_WKUP_IRQHandler                   0x080001b7   Thumb Code     0  startup_stm32f407xx.o(.text)
    OTG_HS_EP1_IN_IRQHandler                 0x080001b7   Thumb Code     0  startup_stm32f407xx.o(.text)
    OTG_HS_EP1_OUT_IRQHandler                0x080001b7   Thumb Code     0  startup_stm32f407xx.o(.text)
    OTG_HS_IRQHandler                        0x080001b7   Thumb Code     0  startup_stm32f407xx.o(.text)
    OTG_HS_WKUP_IRQHandler                   0x080001b7   Thumb Code     0  startup_stm32f407xx.o(.text)
    PVD_IRQHandler                           0x080001b7   Thumb Code     0  startup_stm32f407xx.o(.text)
    RCC_IRQHandler                           0x080001b7   Thumb Code     0  startup_stm32f407xx.o(.text)
    RTC_Alarm_IRQHandler                     0x080001b7   Thumb Code     0  startup_stm32f407xx.o(.text)
    RTC_WKUP_IRQHandler                      0x080001b7   Thumb Code     0  startup_stm32f407xx.o(.text)
    SDIO_IRQHandler                          0x080001b7   Thumb Code     0  startup_stm32f407xx.o(.text)
    SPI1_IRQHandler                          0x080001b7   Thumb Code     0  startup_stm32f407xx.o(.text)
    SPI2_IRQHandler                          0x080001b7   Thumb Code     0  startup_stm32f407xx.o(.text)
    SPI3_IRQHandler                          0x080001b7   Thumb Code     0  startup_stm32f407xx.o(.text)
    TAMP_STAMP_IRQHandler                    0x080001b7   Thumb Code     0  startup_stm32f407xx.o(.text)
    TIM1_BRK_TIM9_IRQHandler                 0x080001b7   Thumb Code     0  startup_stm32f407xx.o(.text)
    TIM1_CC_IRQHandler                       0x080001b7   Thumb Code     0  startup_stm32f407xx.o(.text)
    TIM1_TRG_COM_TIM11_IRQHandler            0x080001b7   Thumb Code     0  startup_stm32f407xx.o(.text)
    TIM1_UP_TIM10_IRQHandler                 0x080001b7   Thumb Code     0  startup_stm32f407xx.o(.text)
    TIM2_IRQHandler                          0x080001b7   Thumb Code     0  startup_stm32f407xx.o(.text)
    TIM3_IRQHandler                          0x080001b7   Thumb Code     0  startup_stm32f407xx.o(.text)
    TIM4_IRQHandler                          0x080001b7   Thumb Code     0  startup_stm32f407xx.o(.text)
    TIM5_IRQHandler                          0x080001b7   Thumb Code     0  startup_stm32f407xx.o(.text)
    TIM7_IRQHandler                          0x080001b7   Thumb Code     0  startup_stm32f407xx.o(.text)
    TIM8_BRK_TIM12_IRQHandler                0x080001b7   Thumb Code     0  startup_stm32f407xx.o(.text)
    TIM8_CC_IRQHandler                       0x080001b7   Thumb Code     0  startup_stm32f407xx.o(.text)
    TIM8_TRG_COM_TIM14_IRQHandler            0x080001b7   Thumb Code     0  startup_stm32f407xx.o(.text)
    TIM8_UP_TIM13_IRQHandler                 0x080001b7   Thumb Code     0  startup_stm32f407xx.o(.text)
    UART4_IRQHandler                         0x080001b7   Thumb Code     0  startup_stm32f407xx.o(.text)
    UART5_IRQHandler                         0x080001b7   Thumb Code     0  startup_stm32f407xx.o(.text)
    USART2_IRQHandler                        0x080001b7   Thumb Code     0  startup_stm32f407xx.o(.text)
    USART3_IRQHandler                        0x080001b7   Thumb Code     0  startup_stm32f407xx.o(.text)
    USART6_IRQHandler                        0x080001b7   Thumb Code     0  startup_stm32f407xx.o(.text)
    WWDG_IRQHandler                          0x080001b7   Thumb Code     0  startup_stm32f407xx.o(.text)
    rt_hw_interrupt_disable                  0x080001c1   Thumb Code     8  context_rvds.o(.text)
    rt_hw_interrupt_enable                   0x080001c9   Thumb Code     6  context_rvds.o(.text)
    rt_hw_context_switch                     0x080001cf   Thumb Code    32  context_rvds.o(.text)
    rt_hw_context_switch_interrupt           0x080001cf   Thumb Code     0  context_rvds.o(.text)
    PendSV_Handler                           0x080001ef   Thumb Code   108  context_rvds.o(.text)
    rt_hw_context_switch_to                  0x0800025b   Thumb Code    70  context_rvds.o(.text)
    rt_hw_interrupt_thread_switch            0x080002a1   Thumb Code     2  context_rvds.o(.text)
    HardFault_Handler                        0x080002a3   Thumb Code    56  context_rvds.o(.text)
    __aeabi_uldivmod                         0x080002f5   Thumb Code    98  uldiv.o(.text)
    __aeabi_memset                           0x08000357   Thumb Code    14  memseta.o(.text)
    __aeabi_memset4                          0x08000357   Thumb Code     0  memseta.o(.text)
    __aeabi_memset8                          0x08000357   Thumb Code     0  memseta.o(.text)
    __aeabi_memclr                           0x08000365   Thumb Code     4  memseta.o(.text)
    __aeabi_memclr4                          0x08000365   Thumb Code     0  memseta.o(.text)
    __aeabi_memclr8                          0x08000365   Thumb Code     0  memseta.o(.text)
    _memset$wrapper                          0x08000369   Thumb Code    18  memseta.o(.text)
    __aeabi_llsl                             0x0800037b   Thumb Code    30  llshl.o(.text)
    _ll_shift_l                              0x0800037b   Thumb Code     0  llshl.o(.text)
    __aeabi_llsr                             0x08000399   Thumb Code    32  llushr.o(.text)
    _ll_ushift_r                             0x08000399   Thumb Code     0  llushr.o(.text)
    __scatterload                            0x080003b9   Thumb Code    28  init.o(.text)
    __scatterload_rt2                        0x080003b9   Thumb Code     0  init.o(.text)
    main                                     0x080003dd   Thumb Code    10  components.o(i.$Sub$$main)
    BusFault_Handler                         0x080003e7   Thumb Code     2  stm32f4xx_it.o(i.BusFault_Handler)
    Create_Object                            0x080003e9   Thumb Code    42  main.o(i.Create_Object)
    Create_Thread                            0x08000435   Thumb Code   128  main.o(i.Create_Thread)
    DMA2_Stream2_IRQHandler                  0x08000501   Thumb Code     6  stm32f4xx_it.o(i.DMA2_Stream2_IRQHandler)
    DealUartData                             0x080005b1   Thumb Code    66  myusarthd.o(i.DealUartData)
    DebugMon_Handler                         0x080005fd   Thumb Code     2  stm32f4xx_it.o(i.DebugMon_Handler)
    Display_Thread_Func                      0x08000601   Thumb Code    48  mythread.o(i.Display_Thread_Func)
    Error_Handler                            0x08000645   Thumb Code     2  main.o(i.Error_Handler)
    HAL_DMA_Abort                            0x08000647   Thumb Code   142  stm32f4xx_hal_dma.o(i.HAL_DMA_Abort)
    HAL_DMA_Abort_IT                         0x080006d5   Thumb Code    36  stm32f4xx_hal_dma.o(i.HAL_DMA_Abort_IT)
    HAL_DMA_IRQHandler                       0x080006f9   Thumb Code   412  stm32f4xx_hal_dma.o(i.HAL_DMA_IRQHandler)
    HAL_DMA_Init                             0x08000899   Thumb Code   206  stm32f4xx_hal_dma.o(i.HAL_DMA_Init)
    HAL_DMA_Start_IT                         0x0800096d   Thumb Code   120  stm32f4xx_hal_dma.o(i.HAL_DMA_Start_IT)
    HAL_GPIO_Init                            0x080009e5   Thumb Code   388  stm32f4xx_hal_gpio.o(i.HAL_GPIO_Init)
    HAL_GPIO_ReadPin                         0x08000b95   Thumb Code    10  stm32f4xx_hal_gpio.o(i.HAL_GPIO_ReadPin)
    HAL_GPIO_TogglePin                       0x08000b9f   Thumb Code    14  stm32f4xx_hal_gpio.o(i.HAL_GPIO_TogglePin)
    HAL_GPIO_WritePin                        0x08000bad   Thumb Code    10  stm32f4xx_hal_gpio.o(i.HAL_GPIO_WritePin)
    HAL_GetTick                              0x08000bb9   Thumb Code     6  stm32f4xx_hal.o(i.HAL_GetTick)
    HAL_Init                                 0x08000bc5   Thumb Code    48  stm32f4xx_hal.o(i.HAL_Init)
    HAL_InitTick                             0x08000bf9   Thumb Code    54  stm32f4xx_hal.o(i.HAL_InitTick)
    HAL_MspInit                              0x08000c39   Thumb Code    42  stm32f4xx_hal_msp.o(i.HAL_MspInit)
    HAL_NVIC_EnableIRQ                       0x08000c69   Thumb Code    26  stm32f4xx_hal_cortex.o(i.HAL_NVIC_EnableIRQ)
    HAL_NVIC_SetPriority                     0x08000c85   Thumb Code    60  stm32f4xx_hal_cortex.o(i.HAL_NVIC_SetPriority)
    HAL_NVIC_SetPriorityGrouping             0x08000cc5   Thumb Code    26  stm32f4xx_hal_cortex.o(i.HAL_NVIC_SetPriorityGrouping)
    HAL_RCC_ClockConfig                      0x08000ce9   Thumb Code   286  stm32f4xx_hal_rcc.o(i.HAL_RCC_ClockConfig)
    HAL_RCC_GetPCLK1Freq                     0x08000e19   Thumb Code    20  stm32f4xx_hal_rcc.o(i.HAL_RCC_GetPCLK1Freq)
    HAL_RCC_GetPCLK2Freq                     0x08000e39   Thumb Code    20  stm32f4xx_hal_rcc.o(i.HAL_RCC_GetPCLK2Freq)
    HAL_RCC_GetSysClockFreq                  0x08000e59   Thumb Code    88  stm32f4xx_hal_rcc.o(i.HAL_RCC_GetSysClockFreq)
    HAL_RCC_OscConfig                        0x08000eb9   Thumb Code   770  stm32f4xx_hal_rcc.o(i.HAL_RCC_OscConfig)
    HAL_SYSTICK_Config                       0x080011d5   Thumb Code    40  stm32f4xx_hal_cortex.o(i.HAL_SYSTICK_Config)
    HAL_TIMEx_BreakCallback                  0x080011fd   Thumb Code     2  stm32f4xx_hal_tim_ex.o(i.HAL_TIMEx_BreakCallback)
    HAL_TIMEx_CommutCallback                 0x080011ff   Thumb Code     2  stm32f4xx_hal_tim_ex.o(i.HAL_TIMEx_CommutCallback)
    HAL_TIMEx_MasterConfigSynchronization    0x08001201   Thumb Code    66  stm32f4xx_hal_tim_ex.o(i.HAL_TIMEx_MasterConfigSynchronization)
    HAL_TIM_Base_Init                        0x08001243   Thumb Code    54  stm32f4xx_hal_tim.o(i.HAL_TIM_Base_Init)
    HAL_TIM_Base_MspInit                     0x08001279   Thumb Code    50  tim.o(i.HAL_TIM_Base_MspInit)
    HAL_TIM_IC_CaptureCallback               0x080012b5   Thumb Code     2  stm32f4xx_hal_tim.o(i.HAL_TIM_IC_CaptureCallback)
    HAL_TIM_IRQHandler                       0x080012b7   Thumb Code   358  stm32f4xx_hal_tim.o(i.HAL_TIM_IRQHandler)
    HAL_TIM_OC_DelayElapsedCallback          0x0800141d   Thumb Code     2  stm32f4xx_hal_tim.o(i.HAL_TIM_OC_DelayElapsedCallback)
    HAL_TIM_PWM_PulseFinishedCallback        0x0800141f   Thumb Code     2  stm32f4xx_hal_tim.o(i.HAL_TIM_PWM_PulseFinishedCallback)
    HAL_TIM_PeriodElapsedCallback            0x08001421   Thumb Code     2  stm32f4xx_hal_tim.o(i.HAL_TIM_PeriodElapsedCallback)
    HAL_TIM_TriggerCallback                  0x08001423   Thumb Code     2  stm32f4xx_hal_tim.o(i.HAL_TIM_TriggerCallback)
    HAL_UART_DMAStop                         0x08001425   Thumb Code    88  stm32f4xx_hal_uart.o(i.HAL_UART_DMAStop)
    HAL_UART_ErrorCallback                   0x0800147d   Thumb Code     2  stm32f4xx_hal_uart.o(i.HAL_UART_ErrorCallback)
    HAL_UART_IRQHandler                      0x08001481   Thumb Code   266  stm32f4xx_hal_uart.o(i.HAL_UART_IRQHandler)
    HAL_UART_Init                            0x08001591   Thumb Code    98  stm32f4xx_hal_uart.o(i.HAL_UART_Init)
    HAL_UART_MspInit                         0x080015f5   Thumb Code   158  usart.o(i.HAL_UART_MspInit)
    HAL_UART_Receive_DMA                     0x080016a9   Thumb Code   138  stm32f4xx_hal_uart.o(i.HAL_UART_Receive_DMA)
    HAL_UART_RxCpltCallback                  0x08001741   Thumb Code     2  stm32f4xx_hal_uart.o(i.HAL_UART_RxCpltCallback)
    HAL_UART_RxHalfCpltCallback              0x08001743   Thumb Code     2  stm32f4xx_hal_uart.o(i.HAL_UART_RxHalfCpltCallback)
    HAL_UART_Transmit                        0x08001745   Thumb Code   186  stm32f4xx_hal_uart.o(i.HAL_UART_Transmit)
    HAL_UART_TxCpltCallback                  0x080017ff   Thumb Code     2  stm32f4xx_hal_uart.o(i.HAL_UART_TxCpltCallback)
    IDLE_UART_IRQHandler                     0x08001801   Thumb Code    80  myusarthd.o(i.IDLE_UART_IRQHandler)
    KEYUP_Thread_Func                        0x08001865   Thumb Code    60  mythread.o(i.KEYUP_Thread_Func)
    KEYX_Thread_Func                         0x080018a5   Thumb Code   176  mythread.o(i.KEYX_Thread_Func)
    KeyCheck                                 0x0800195d   Thumb Code    60  mykey.o(i.KeyCheck)
    LED0_Thread_Func                         0x080019a1   Thumb Code    26  mythread.o(i.LED0_Thread_Func)
    LED1_Thread_Func                         0x080019c1   Thumb Code    30  mythread.o(i.LED1_Thread_Func)
    MX_DMA_Init                              0x080019e9   Thumb Code    40  dma.o(i.MX_DMA_Init)
    MX_GPIO_Init                             0x08001a15   Thumb Code   164  gpio.o(i.MX_GPIO_Init)
    MX_TIM6_Init                             0x08001ac9   Thumb Code    62  tim.o(i.MX_TIM6_Init)
    MX_USART1_UART_Init                      0x08001b11   Thumb Code    48  usart.o(i.MX_USART1_UART_Init)
    MY_UartRxStruct_Init                     0x08001b49   Thumb Code    74  myusarthd.o(i.MY_UartRxStruct_Init)
    MemManage_Handler                        0x08001b9d   Thumb Code     2  stm32f4xx_it.o(i.MemManage_Handler)
    NMI_Handler                              0x08001b9f   Thumb Code     2  stm32f4xx_it.o(i.NMI_Handler)
    SVC_Handler                              0x08001ba1   Thumb Code     2  stm32f4xx_it.o(i.SVC_Handler)
    SendFrame                                0x08001ba5   Thumb Code    14  myusarthd.o(i.SendFrame)
    SysTick_Handler                          0x08001bb9   Thumb Code    18  board.o(i.SysTick_Handler)
    SystemClock_Config                       0x08001bcd   Thumb Code   118  main.o(i.SystemClock_Config)
    SystemCoreClockUpdate                    0x08001c4d   Thumb Code   104  system_stm32f4xx.o(i.SystemCoreClockUpdate)
    SystemInit                               0x08001cc5   Thumb Code    66  system_stm32f4xx.o(i.SystemInit)
    TIM6_DAC_IRQHandler                      0x08001d19   Thumb Code     6  stm32f4xx_it.o(i.TIM6_DAC_IRQHandler)
    TIM_Base_SetConfig                       0x08001d25   Thumb Code   156  stm32f4xx_hal_tim.o(i.TIM_Base_SetConfig)
    UART_Thread_Func                         0x080021fd   Thumb Code    20  mythread.o(i.UART_Thread_Func)
    USART1_IRQHandler                        0x080022dd   Thumb Code    18  stm32f4xx_it.o(i.USART1_IRQHandler)
    UsageFault_Handler                       0x080022f5   Thumb Code     2  stm32f4xx_it.o(i.UsageFault_Handler)
    __rt_ffs                                 0x08002319   Thumb Code    64  kservice.o(i.__rt_ffs)
    __scatterload_copy                       0x0800235d   Thumb Code    14  handlers.o(i.__scatterload_copy)
    __scatterload_null                       0x0800236b   Thumb Code     2  handlers.o(i.__scatterload_null)
    __scatterload_zeroinit                   0x0800236d   Thumb Code    14  handlers.o(i.__scatterload_zeroinit)
    $Super$$main                             0x08002441   Thumb Code    82  main.o(i.main)
    main_thread_entry                        0x08002499   Thumb Code    14  components.o(i.main_thread_entry)
    myPrintf                                 0x080024a9   Thumb Code    42  myusarthd.o(i.myPrintf)
    rt_application_init                      0x08002661   Thumb Code    30  components.o(i.rt_application_init)
    rt_components_board_init                 0x0800268d   Thumb Code    20  components.o(i.rt_components_board_init)
    rt_components_init                       0x080026a9   Thumb Code    20  components.o(i.rt_components_init)
    rt_enter_critical                        0x080026c5   Thumb Code    22  scheduler.o(i.rt_enter_critical)
    rt_exit_critical                         0x080026e1   Thumb Code    52  scheduler.o(i.rt_exit_critical)
    rt_free                                  0x08002719   Thumb Code   112  mem.o(i.rt_free)
    rt_heap_begin_get                        0x080027dd   Thumb Code     4  board.o(i.rt_heap_begin_get)
    rt_heap_end_get                          0x080027e5   Thumb Code     4  board.o(i.rt_heap_end_get)
    rt_hw_board_init                         0x080027ed   Thumb Code    70  board.o(i.rt_hw_board_init)
    rt_hw_console_output                     0x0800283d   Thumb Code     2  kservice.o(i.rt_hw_console_output)
    rt_hw_hard_fault_exception               0x08002841   Thumb Code   190  cpuport.o(i.rt_hw_hard_fault_exception)
    rt_hw_stack_init                         0x08002a51   Thumb Code    54  cpuport.o(i.rt_hw_stack_init)
    rt_interrupt_enter                       0x08002a8d   Thumb Code    22  irq.o(i.rt_interrupt_enter)
    rt_interrupt_leave                       0x08002aa9   Thumb Code    22  irq.o(i.rt_interrupt_leave)
    rt_kprintf                               0x08002b19   Thumb Code    28  kservice.o(i.rt_kprintf)
    rt_malloc                                0x08002b95   Thumb Code   232  mem.o(i.rt_malloc)
    rt_mb_create                             0x08002c85   Thumb Code    72  ipc.o(i.rt_mb_create)
    rt_mb_recv                               0x08002ccd   Thumb Code   246  ipc.o(i.rt_mb_recv)
    rt_mb_send                               0x08002dc3   Thumb Code     6  ipc.o(i.rt_mb_send)
    rt_mb_send_wait                          0x08002dc9   Thumb Code   236  ipc.o(i.rt_mb_send_wait)
    rt_memset                                0x08002eb5   Thumb Code    70  kservice.o(i.rt_memset)
    rt_object_allocate                       0x08002efb   Thumb Code    80  object.o(i.rt_object_allocate)
    rt_object_delete                         0x08002f4b   Thumb Code    38  object.o(i.rt_object_delete)
    rt_object_detach                         0x08002f71   Thumb Code    32  object.o(i.rt_object_detach)
    rt_object_get_information                0x08002f91   Thumb Code    30  object.o(i.rt_object_get_information)
    rt_object_init                           0x08002fb5   Thumb Code    80  object.o(i.rt_object_init)
    rt_object_is_systemobject                0x08003005   Thumb Code    14  object.o(i.rt_object_is_systemobject)
    rt_schedule                              0x08003015   Thumb Code    76  scheduler.o(i.rt_schedule)
    rt_schedule_insert_thread                0x0800306d   Thumb Code    70  scheduler.o(i.rt_schedule_insert_thread)
    rt_schedule_remove_thread                0x080030bd   Thumb Code    64  scheduler.o(i.rt_schedule_remove_thread)
    rt_sem_create                            0x08003105   Thumb Code    32  ipc.o(i.rt_sem_create)
    rt_sem_init                              0x08003125   Thumb Code    36  ipc.o(i.rt_sem_init)
    rt_sem_release                           0x08003149   Thumb Code    54  ipc.o(i.rt_sem_release)
    rt_sem_take                              0x0800317f   Thumb Code   110  ipc.o(i.rt_sem_take)
    rt_show_version                          0x080031ed   Thumb Code    40  kservice.o(i.rt_show_version)
    rt_strlen                                0x0800329d   Thumb Code    16  kservice.o(i.rt_strlen)
    rt_strncpy                               0x080032ad   Thumb Code    38  kservice.o(i.rt_strncpy)
    rt_system_heap_init                      0x080032d5   Thumb Code    96  mem.o(i.rt_system_heap_init)
    rt_system_scheduler_init                 0x08003381   Thumb Code    44  scheduler.o(i.rt_system_scheduler_init)
    rt_system_scheduler_start                0x080033b5   Thumb Code    32  scheduler.o(i.rt_system_scheduler_start)
    rt_system_timer_init                     0x080033dd   Thumb Code     8  timer.o(i.rt_system_timer_init)
    rt_system_timer_thread_init              0x080033e9   Thumb Code     2  timer.o(i.rt_system_timer_thread_init)
    rt_thread_create                         0x080033eb   Thumb Code    72  thread.o(i.rt_thread_create)
    rt_thread_exit                           0x08003435   Thumb Code    78  thread.o(i.rt_thread_exit)
    rt_thread_idle_excute                    0x08003495   Thumb Code   114  idle.o(i.rt_thread_idle_excute)
    rt_thread_idle_init                      0x0800350d   Thumb Code    40  idle.o(i.rt_thread_idle_init)
    rt_thread_init                           0x08003545   Thumb Code    48  thread.o(i.rt_thread_init)
    rt_thread_mdelay                         0x08003575   Thumb Code    14  thread.o(i.rt_thread_mdelay)
    rt_thread_resume                         0x08003583   Thumb Code    60  thread.o(i.rt_thread_resume)
    rt_thread_self                           0x080035c1   Thumb Code     6  thread.o(i.rt_thread_self)
    rt_thread_sleep                          0x080035cd   Thumb Code    60  thread.o(i.rt_thread_sleep)
    rt_thread_startup                        0x0800360d   Thumb Code    40  thread.o(i.rt_thread_startup)
    rt_thread_suspend                        0x08003639   Thumb Code    66  thread.o(i.rt_thread_suspend)
    rt_thread_timeout                        0x0800367b   Thumb Code    32  thread.o(i.rt_thread_timeout)
    rt_thread_yield                          0x0800369d   Thumb Code    86  thread.o(i.rt_thread_yield)
    rt_tick_from_millisecond                 0x080036fd   Thumb Code    50  clock.o(i.rt_tick_from_millisecond)
    rt_tick_get                              0x08003731   Thumb Code     6  clock.o(i.rt_tick_get)
    rt_tick_increase                         0x0800373d   Thumb Code    38  clock.o(i.rt_tick_increase)
    rt_timer_check                           0x08003769   Thumb Code    98  timer.o(i.rt_timer_check)
    rt_timer_control                         0x080037d1   Thumb Code    48  timer.o(i.rt_timer_control)
    rt_timer_detach                          0x08003801   Thumb Code    32  timer.o(i.rt_timer_detach)
    rt_timer_init                            0x08003821   Thumb Code    40  timer.o(i.rt_timer_init)
    rt_timer_start                           0x08003849   Thumb Code   136  timer.o(i.rt_timer_start)
    rt_timer_stop                            0x080038d5   Thumb Code    46  timer.o(i.rt_timer_stop)
    rt_vsnprintf                             0x08003905   Thumb Code   626  kservice.o(i.rt_vsnprintf)
    rtthread_startup                         0x08003b91   Thumb Code    42  components.o(i.rtthread_startup)
    AHBPrescTable                            0x08003bea   Data          16  system_stm32f4xx.o(.constdata)
    APBPrescTable                            0x08003bfa   Data           8  system_stm32f4xx.o(.constdata)
    __lowest_bit_bitmap                      0x08003c02   Data         256  kservice.o(.constdata)
    __rt_init_rti_start                      0x08003d24   Data           4  components.o(.rti_fn.0)
    __rt_init_rti_board_start                0x08003d28   Data           4  components.o(.rti_fn.0.end)
    __rt_init_rti_board_end                  0x08003d2c   Data           4  components.o(.rti_fn.1.end)
    __rt_init_rti_end                        0x08003d30   Data           4  components.o(.rti_fn.6.end)
    Region$$Table$$Base                      0x08003d34   Number         0  anon$$obj.o(Region$$Table)
    Region$$Table$$Limit                     0x08003d54   Number         0  anon$$obj.o(Region$$Table)
    LED0_Thread                              0x20000004   Data           4  main.o(.data)
    LED1_Thread                              0x20000008   Data           4  main.o(.data)
    Uart_Thread                              0x2000000c   Data           4  main.o(.data)
    Disp_Thread                              0x20000010   Data           4  main.o(.data)
    KeyUp_Thread                             0x20000014   Data           4  main.o(.data)
    Keyx_Thread                              0x20000018   Data           4  main.o(.data)
    Uart_Sem                                 0x2000001c   Data           4  main.o(.data)
    KeyUp_Sem                                0x20000020   Data           4  main.o(.data)
    Keyx_Mb                                  0x20000024   Data           4  main.o(.data)
    uwTickFreq                               0x20000028   Data           1  stm32f4xx_hal.o(.data)
    uwTickPrio                               0x2000002c   Data           4  stm32f4xx_hal.o(.data)
    uwTick                                   0x20000030   Data           4  stm32f4xx_hal.o(.data)
    SystemCoreClock                          0x20000034   Data           4  system_stm32f4xx.o(.data)
    rt_interrupt_from_thread                 0x2000003c   Data           4  cpuport.o(.data)
    rt_interrupt_to_thread                   0x20000040   Data           4  cpuport.o(.data)
    rt_thread_switch_interrupt_flag          0x20000044   Data           4  cpuport.o(.data)
    rt_interrupt_nest                        0x2000004c   Data           1  irq.o(.data)
    rt_current_priority                      0x200000a8   Data           1  scheduler.o(.data)
    rt_current_thread                        0x200000ac   Data           4  scheduler.o(.data)
    rt_thread_ready_priority_group           0x200000b0   Data           4  scheduler.o(.data)
    rt_thread_defunct                        0x200000b4   Data           8  scheduler.o(.data)
    gArrUartRxBuffer                         0x20000148   Data         500  myusarthd.o(.bss)
    gArrUartRxBufferTmp                      0x2000033c   Data         500  myusarthd.o(.bss)
    gsUartRx                                 0x20000530   Data          12  myusarthd.o(.bss)
    htim6                                    0x2000053c   Data          64  tim.o(.bss)
    huart1                                   0x2000057c   Data          64  usart.o(.bss)
    hdma_usart1_rx                           0x200005bc   Data          96  usart.o(.bss)
    rt_thread_priority_table                 0x20000834   Data          64  scheduler.o(.bss)
    __initial_sp                             0x20001c78   Data           0  startup_stm32f407xx.o(STACK)



==============================================================================

Memory Map of the image

  Image Entry point : 0x08000189

  Load Region LR_IROM1 (Base: 0x08000000, Size: 0x00003e1c, Max: 0x00100000, ABSOLUTE)

    Execution Region ER_IROM1 (Exec base: 0x08000000, Load base: 0x08000000, Size: 0x00003d54, Max: 0x00100000, ABSOLUTE)

    Exec Addr    Load Addr    Size         Type   Attr      Idx    E Section Name        Object

    0x08000000   0x08000000   0x00000188   Data   RO            3    RESET               startup_stm32f407xx.o
    0x08000188   0x08000188   0x00000000   Code   RO         3966  * .ARM.Collect$$$$00000000  mc_w.l(entry.o)
    0x08000188   0x08000188   0x00000004   Code   RO         3973    .ARM.Collect$$$$00000001  mc_w.l(entry2.o)
    0x0800018c   0x0800018c   0x00000004   Code   RO         3976    .ARM.Collect$$$$00000004  mc_w.l(entry5.o)
    0x08000190   0x08000190   0x00000000   Code   RO         3978    .ARM.Collect$$$$00000008  mc_w.l(entry7b.o)
    0x08000190   0x08000190   0x00000000   Code   RO         3980    .ARM.Collect$$$$0000000A  mc_w.l(entry8b.o)
    0x08000190   0x08000190   0x00000008   Code   RO         3981    .ARM.Collect$$$$0000000B  mc_w.l(entry9a.o)
    0x08000198   0x08000198   0x00000000   Code   RO         3983    .ARM.Collect$$$$0000000D  mc_w.l(entry10a.o)
    0x08000198   0x08000198   0x00000000   Code   RO         3985    .ARM.Collect$$$$0000000F  mc_w.l(entry11a.o)
    0x08000198   0x08000198   0x00000004   Code   RO         3974    .ARM.Collect$$$$00002712  mc_w.l(entry2.o)
    0x0800019c   0x0800019c   0x00000024   Code   RO            4    .text               startup_stm32f407xx.o
    0x080001c0   0x080001c0   0x00000134   Code   RO         3019    .text               context_rvds.o
    0x080002f4   0x080002f4   0x00000062   Code   RO         3969    .text               mc_w.l(uldiv.o)
    0x08000356   0x08000356   0x00000024   Code   RO         3971    .text               mc_w.l(memseta.o)
    0x0800037a   0x0800037a   0x0000001e   Code   RO         3987    .text               mc_w.l(llshl.o)
    0x08000398   0x08000398   0x00000020   Code   RO         3989    .text               mc_w.l(llushr.o)
    0x080003b8   0x080003b8   0x00000024   Code   RO         3991    .text               mc_w.l(init.o)
    0x080003dc   0x080003dc   0x0000000a   Code   RO         3106    i.$Sub$$main        components.o
    0x080003e6   0x080003e6   0x00000002   Code   RO          502    i.BusFault_Handler  stm32f4xx_it.o
    0x080003e8   0x080003e8   0x0000004c   Code   RO          308    i.Create_Object     main.o
    0x08000434   0x08000434   0x000000cc   Code   RO          309    i.Create_Thread     main.o
    0x08000500   0x08000500   0x0000000c   Code   RO          503    i.DMA2_Stream2_IRQHandler  stm32f4xx_it.o
    0x0800050c   0x0800050c   0x00000028   Code   RO         2314    i.DMA_CalcBaseAndBitshift  stm32f4xx_hal_dma.o
    0x08000534   0x08000534   0x00000054   Code   RO         2315    i.DMA_CheckFifoParam  stm32f4xx_hal_dma.o
    0x08000588   0x08000588   0x00000028   Code   RO         2316    i.DMA_SetConfig     stm32f4xx_hal_dma.o
    0x080005b0   0x080005b0   0x0000004c   Code   RO           13    i.DealUartData      myusarthd.o
    0x080005fc   0x080005fc   0x00000002   Code   RO          504    i.DebugMon_Handler  stm32f4xx_it.o
    0x080005fe   0x080005fe   0x00000002   PAD
    0x08000600   0x08000600   0x00000044   Code   RO          223    i.Display_Thread_Func  mythread.o
    0x08000644   0x08000644   0x00000002   Code   RO          310    i.Error_Handler     main.o
    0x08000646   0x08000646   0x0000008e   Code   RO         2317    i.HAL_DMA_Abort     stm32f4xx_hal_dma.o
    0x080006d4   0x080006d4   0x00000024   Code   RO         2318    i.HAL_DMA_Abort_IT  stm32f4xx_hal_dma.o
    0x080006f8   0x080006f8   0x000001a0   Code   RO         2322    i.HAL_DMA_IRQHandler  stm32f4xx_hal_dma.o
    0x08000898   0x08000898   0x000000d4   Code   RO         2323    i.HAL_DMA_Init      stm32f4xx_hal_dma.o
    0x0800096c   0x0800096c   0x00000078   Code   RO         2327    i.HAL_DMA_Start_IT  stm32f4xx_hal_dma.o
    0x080009e4   0x080009e4   0x000001b0   Code   RO         2210    i.HAL_GPIO_Init     stm32f4xx_hal_gpio.o
    0x08000b94   0x08000b94   0x0000000a   Code   RO         2212    i.HAL_GPIO_ReadPin  stm32f4xx_hal_gpio.o
    0x08000b9e   0x08000b9e   0x0000000e   Code   RO         2213    i.HAL_GPIO_TogglePin  stm32f4xx_hal_gpio.o
    0x08000bac   0x08000bac   0x0000000a   Code   RO         2214    i.HAL_GPIO_WritePin  stm32f4xx_hal_gpio.o
    0x08000bb6   0x08000bb6   0x00000002   PAD
    0x08000bb8   0x08000bb8   0x0000000c   Code   RO         2742    i.HAL_GetTick       stm32f4xx_hal.o
    0x08000bc4   0x08000bc4   0x00000034   Code   RO         2749    i.HAL_Init          stm32f4xx_hal.o
    0x08000bf8   0x08000bf8   0x00000040   Code   RO         2750    i.HAL_InitTick      stm32f4xx_hal.o
    0x08000c38   0x08000c38   0x00000030   Code   RO          577    i.HAL_MspInit       stm32f4xx_hal_msp.o
    0x08000c68   0x08000c68   0x0000001a   Code   RO         2599    i.HAL_NVIC_EnableIRQ  stm32f4xx_hal_cortex.o
    0x08000c82   0x08000c82   0x00000002   PAD
    0x08000c84   0x08000c84   0x00000040   Code   RO         2605    i.HAL_NVIC_SetPriority  stm32f4xx_hal_cortex.o
    0x08000cc4   0x08000cc4   0x00000024   Code   RO         2606    i.HAL_NVIC_SetPriorityGrouping  stm32f4xx_hal_cortex.o
    0x08000ce8   0x08000ce8   0x00000130   Code   RO         1856    i.HAL_RCC_ClockConfig  stm32f4xx_hal_rcc.o
    0x08000e18   0x08000e18   0x00000020   Code   RO         1863    i.HAL_RCC_GetPCLK1Freq  stm32f4xx_hal_rcc.o
    0x08000e38   0x08000e38   0x00000020   Code   RO         1864    i.HAL_RCC_GetPCLK2Freq  stm32f4xx_hal_rcc.o
    0x08000e58   0x08000e58   0x00000060   Code   RO         1865    i.HAL_RCC_GetSysClockFreq  stm32f4xx_hal_rcc.o
    0x08000eb8   0x08000eb8   0x0000031c   Code   RO         1868    i.HAL_RCC_OscConfig  stm32f4xx_hal_rcc.o
    0x080011d4   0x080011d4   0x00000028   Code   RO         2610    i.HAL_SYSTICK_Config  stm32f4xx_hal_cortex.o
    0x080011fc   0x080011fc   0x00000002   Code   RO         1278    i.HAL_TIMEx_BreakCallback  stm32f4xx_hal_tim_ex.o
    0x080011fe   0x080011fe   0x00000002   Code   RO         1279    i.HAL_TIMEx_CommutCallback  stm32f4xx_hal_tim_ex.o
    0x08001200   0x08001200   0x00000042   Code   RO         1296    i.HAL_TIMEx_MasterConfigSynchronization  stm32f4xx_hal_tim_ex.o
    0x08001242   0x08001242   0x00000036   Code   RO          603    i.HAL_TIM_Base_Init  stm32f4xx_hal_tim.o
    0x08001278   0x08001278   0x0000003c   Code   RO          419    i.HAL_TIM_Base_MspInit  tim.o
    0x080012b4   0x080012b4   0x00000002   Code   RO          632    i.HAL_TIM_IC_CaptureCallback  stm32f4xx_hal_tim.o
    0x080012b6   0x080012b6   0x00000166   Code   RO          646    i.HAL_TIM_IRQHandler  stm32f4xx_hal_tim.o
    0x0800141c   0x0800141c   0x00000002   Code   RO          649    i.HAL_TIM_OC_DelayElapsedCallback  stm32f4xx_hal_tim.o
    0x0800141e   0x0800141e   0x00000002   Code   RO          676    i.HAL_TIM_PWM_PulseFinishedCallback  stm32f4xx_hal_tim.o
    0x08001420   0x08001420   0x00000002   Code   RO          684    i.HAL_TIM_PeriodElapsedCallback  stm32f4xx_hal_tim.o
    0x08001422   0x08001422   0x00000002   Code   RO          689    i.HAL_TIM_TriggerCallback  stm32f4xx_hal_tim.o
    0x08001424   0x08001424   0x00000058   Code   RO         1548    i.HAL_UART_DMAStop  stm32f4xx_hal_uart.o
    0x0800147c   0x0800147c   0x00000002   Code   RO         1550    i.HAL_UART_ErrorCallback  stm32f4xx_hal_uart.o
    0x0800147e   0x0800147e   0x00000002   PAD
    0x08001480   0x08001480   0x00000110   Code   RO         1553    i.HAL_UART_IRQHandler  stm32f4xx_hal_uart.o
    0x08001590   0x08001590   0x00000062   Code   RO         1554    i.HAL_UART_Init     stm32f4xx_hal_uart.o
    0x080015f2   0x080015f2   0x00000002   PAD
    0x080015f4   0x080015f4   0x000000b4   Code   RO          461    i.HAL_UART_MspInit  usart.o
    0x080016a8   0x080016a8   0x00000098   Code   RO         1558    i.HAL_UART_Receive_DMA  stm32f4xx_hal_uart.o
    0x08001740   0x08001740   0x00000002   Code   RO         1560    i.HAL_UART_RxCpltCallback  stm32f4xx_hal_uart.o
    0x08001742   0x08001742   0x00000002   Code   RO         1561    i.HAL_UART_RxHalfCpltCallback  stm32f4xx_hal_uart.o
    0x08001744   0x08001744   0x000000ba   Code   RO         1562    i.HAL_UART_Transmit  stm32f4xx_hal_uart.o
    0x080017fe   0x080017fe   0x00000002   Code   RO         1565    i.HAL_UART_TxCpltCallback  stm32f4xx_hal_uart.o
    0x08001800   0x08001800   0x00000064   Code   RO           14    i.IDLE_UART_IRQHandler  myusarthd.o
    0x08001864   0x08001864   0x00000040   Code   RO          224    i.KEYUP_Thread_Func  mythread.o
    0x080018a4   0x080018a4   0x000000b8   Code   RO          225    i.KEYX_Thread_Func  mythread.o
    0x0800195c   0x0800195c   0x00000044   Code   RO          283    i.KeyCheck          mykey.o
    0x080019a0   0x080019a0   0x00000020   Code   RO          226    i.LED0_Thread_Func  mythread.o
    0x080019c0   0x080019c0   0x00000028   Code   RO          227    i.LED1_Thread_Func  mythread.o
    0x080019e8   0x080019e8   0x0000002c   Code   RO          394    i.MX_DMA_Init       dma.o
    0x08001a14   0x08001a14   0x000000b4   Code   RO          370    i.MX_GPIO_Init      gpio.o
    0x08001ac8   0x08001ac8   0x00000048   Code   RO          420    i.MX_TIM6_Init      tim.o
    0x08001b10   0x08001b10   0x00000038   Code   RO          462    i.MX_USART1_UART_Init  usart.o
    0x08001b48   0x08001b48   0x00000054   Code   RO           15    i.MY_UartRxStruct_Init  myusarthd.o
    0x08001b9c   0x08001b9c   0x00000002   Code   RO          505    i.MemManage_Handler  stm32f4xx_it.o
    0x08001b9e   0x08001b9e   0x00000002   Code   RO          506    i.NMI_Handler       stm32f4xx_it.o
    0x08001ba0   0x08001ba0   0x00000002   Code   RO          507    i.SVC_Handler       stm32f4xx_it.o
    0x08001ba2   0x08001ba2   0x00000002   PAD
    0x08001ba4   0x08001ba4   0x00000014   Code   RO           16    i.SendFrame         myusarthd.o
    0x08001bb8   0x08001bb8   0x00000012   Code   RO         3933    i.SysTick_Handler   board.o
    0x08001bca   0x08001bca   0x00000002   PAD
    0x08001bcc   0x08001bcc   0x00000080   Code   RO          311    i.SystemClock_Config  main.o
    0x08001c4c   0x08001c4c   0x00000078   Code   RO         2984    i.SystemCoreClockUpdate  system_stm32f4xx.o
    0x08001cc4   0x08001cc4   0x00000054   Code   RO         2985    i.SystemInit        system_stm32f4xx.o
    0x08001d18   0x08001d18   0x0000000c   Code   RO          508    i.TIM6_DAC_IRQHandler  stm32f4xx_it.o
    0x08001d24   0x08001d24   0x000000c8   Code   RO          691    i.TIM_Base_SetConfig  stm32f4xx_hal_tim.o
    0x08001dec   0x08001dec   0x00000010   Code   RO         1567    i.UART_DMAAbortOnError  stm32f4xx_hal_uart.o
    0x08001dfc   0x08001dfc   0x0000004a   Code   RO         1568    i.UART_DMAError     stm32f4xx_hal_uart.o
    0x08001e46   0x08001e46   0x0000003c   Code   RO         1569    i.UART_DMAReceiveCplt  stm32f4xx_hal_uart.o
    0x08001e82   0x08001e82   0x0000000a   Code   RO         1571    i.UART_DMARxHalfCplt  stm32f4xx_hal_uart.o
    0x08001e8c   0x08001e8c   0x0000001c   Code   RO         1577    i.UART_EndRxTransfer  stm32f4xx_hal_uart.o
    0x08001ea8   0x08001ea8   0x00000012   Code   RO         1578    i.UART_EndTxTransfer  stm32f4xx_hal_uart.o
    0x08001eba   0x08001eba   0x00000096   Code   RO         1579    i.UART_Receive_IT   stm32f4xx_hal_uart.o
    0x08001f50   0x08001f50   0x000002ac   Code   RO         1580    i.UART_SetConfig    stm32f4xx_hal_uart.o
    0x080021fc   0x080021fc   0x00000018   Code   RO          228    i.UART_Thread_Func  mythread.o
    0x08002214   0x08002214   0x00000062   Code   RO         1581    i.UART_Transmit_IT  stm32f4xx_hal_uart.o
    0x08002276   0x08002276   0x00000064   Code   RO         1582    i.UART_WaitOnFlagUntilTimeout  stm32f4xx_hal_uart.o
    0x080022da   0x080022da   0x00000002   PAD
    0x080022dc   0x080022dc   0x00000018   Code   RO          509    i.USART1_IRQHandler  stm32f4xx_it.o
    0x080022f4   0x080022f4   0x00000002   Code   RO          510    i.UsageFault_Handler  stm32f4xx_it.o
    0x080022f6   0x080022f6   0x00000020   Code   RO         2612    i.__NVIC_SetPriority  stm32f4xx_hal_cortex.o
    0x08002316   0x08002316   0x00000002   PAD
    0x08002318   0x08002318   0x00000044   Code   RO         3360    i.__rt_ffs          kservice.o
    0x0800235c   0x0800235c   0x0000000e   Code   RO         3995    i.__scatterload_copy  mc_w.l(handlers.o)
    0x0800236a   0x0800236a   0x00000002   Code   RO         3996    i.__scatterload_null  mc_w.l(handlers.o)
    0x0800236c   0x0800236c   0x0000000e   Code   RO         3997    i.__scatterload_zeroinit  mc_w.l(handlers.o)
    0x0800237a   0x0800237a   0x00000002   PAD
    0x0800237c   0x0800237c   0x00000014   Code   RO         3173    i._has_defunct_thread  idle.o
    0x08002390   0x08002390   0x00000080   Code   RO         3721    i._rt_thread_init   thread.o
    0x08002410   0x08002410   0x0000001c   Code   RO         3841    i._rt_timer_init    timer.o
    0x0800242c   0x0800242c   0x00000012   Code   RO         3842    i._rt_timer_remove  timer.o
    0x0800243e   0x0800243e   0x00000002   PAD
    0x08002440   0x08002440   0x00000058   Code   RO          312    i.main              main.o
    0x08002498   0x08002498   0x0000000e   Code   RO         3107    i.main_thread_entry  components.o
    0x080024a6   0x080024a6   0x00000002   PAD
    0x080024a8   0x080024a8   0x00000034   Code   RO           17    i.myPrintf          myusarthd.o
    0x080024dc   0x080024dc   0x00000054   Code   RO         3534    i.plug_holes        mem.o
    0x08002530   0x08002530   0x00000130   Code   RO         3362    i.print_number      kservice.o
    0x08002660   0x08002660   0x0000002c   Code   RO         3108    i.rt_application_init  components.o
    0x0800268c   0x0800268c   0x0000001c   Code   RO         3109    i.rt_components_board_init  components.o
    0x080026a8   0x080026a8   0x0000001c   Code   RO         3110    i.rt_components_init  components.o
    0x080026c4   0x080026c4   0x0000001c   Code   RO         3660    i.rt_enter_critical  scheduler.o
    0x080026e0   0x080026e0   0x00000038   Code   RO         3661    i.rt_exit_critical  scheduler.o
    0x08002718   0x08002718   0x000000c4   Code   RO         3536    i.rt_free           mem.o
    0x080027dc   0x080027dc   0x00000008   Code   RO         3934    i.rt_heap_begin_get  board.o
    0x080027e4   0x080027e4   0x00000008   Code   RO         3935    i.rt_heap_end_get   board.o
    0x080027ec   0x080027ec   0x00000050   Code   RO         3936    i.rt_hw_board_init  board.o
    0x0800283c   0x0800283c   0x00000002   Code   RO         3365    i.rt_hw_console_output  kservice.o
    0x0800283e   0x0800283e   0x00000002   PAD
    0x08002840   0x08002840   0x00000210   Code   RO         3026    i.rt_hw_hard_fault_exception  cpuport.o
    0x08002a50   0x08002a50   0x0000003c   Code   RO         3027    i.rt_hw_stack_init  cpuport.o
    0x08002a8c   0x08002a8c   0x0000001c   Code   RO         3333    i.rt_interrupt_enter  irq.o
    0x08002aa8   0x08002aa8   0x0000001c   Code   RO         3335    i.rt_interrupt_leave  irq.o
    0x08002ac4   0x08002ac4   0x00000052   Code   RO         3214    i.rt_ipc_list_suspend  ipc.o
    0x08002b16   0x08002b16   0x00000002   PAD
    0x08002b18   0x08002b18   0x00000020   Code   RO         3366    i.rt_kprintf        kservice.o
    0x08002b38   0x08002b38   0x0000000e   Code   RO         3584    i.rt_list_insert_after  object.o
    0x08002b46   0x08002b46   0x0000000e   Code   RO         3722    i.rt_list_insert_after  thread.o
    0x08002b54   0x08002b54   0x0000000e   Code   RO         3843    i.rt_list_insert_after  timer.o
    0x08002b62   0x08002b62   0x0000000e   Code   RO         3215    i.rt_list_insert_before  ipc.o
    0x08002b70   0x08002b70   0x00000012   Code   RO         3585    i.rt_list_remove    object.o
    0x08002b82   0x08002b82   0x00000012   Code   RO         3723    i.rt_list_remove    thread.o
    0x08002b94   0x08002b94   0x000000f0   Code   RO         3537    i.rt_malloc         mem.o
    0x08002c84   0x08002c84   0x00000048   Code   RO         3217    i.rt_mb_create      ipc.o
    0x08002ccc   0x08002ccc   0x000000f6   Code   RO         3221    i.rt_mb_recv        ipc.o
    0x08002dc2   0x08002dc2   0x00000006   Code   RO         3222    i.rt_mb_send        ipc.o
    0x08002dc8   0x08002dc8   0x000000ec   Code   RO         3223    i.rt_mb_send_wait   ipc.o
    0x08002eb4   0x08002eb4   0x00000046   Code   RO         3372    i.rt_memset         kservice.o
    0x08002efa   0x08002efa   0x00000050   Code   RO         3586    i.rt_object_allocate  object.o
    0x08002f4a   0x08002f4a   0x00000026   Code   RO         3587    i.rt_object_delete  object.o
    0x08002f70   0x08002f70   0x00000020   Code   RO         3588    i.rt_object_detach  object.o
    0x08002f90   0x08002f90   0x00000024   Code   RO         3590    i.rt_object_get_information  object.o
    0x08002fb4   0x08002fb4   0x00000050   Code   RO         3592    i.rt_object_init    object.o
    0x08003004   0x08003004   0x0000000e   Code   RO         3593    i.rt_object_is_systemobject  object.o
    0x08003012   0x08003012   0x00000002   PAD
    0x08003014   0x08003014   0x00000058   Code   RO         3662    i.rt_schedule       scheduler.o
    0x0800306c   0x0800306c   0x00000050   Code   RO         3663    i.rt_schedule_insert_thread  scheduler.o
    0x080030bc   0x080030bc   0x00000048   Code   RO         3664    i.rt_schedule_remove_thread  scheduler.o
    0x08003104   0x08003104   0x00000020   Code   RO         3225    i.rt_sem_create     ipc.o
    0x08003124   0x08003124   0x00000024   Code   RO         3228    i.rt_sem_init       ipc.o
    0x08003148   0x08003148   0x00000036   Code   RO         3229    i.rt_sem_release    ipc.o
    0x0800317e   0x0800317e   0x0000006e   Code   RO         3230    i.rt_sem_take       ipc.o
    0x080031ec   0x080031ec   0x000000b0   Code   RO         3374    i.rt_show_version   kservice.o
    0x0800329c   0x0800329c   0x00000010   Code   RO         3380    i.rt_strlen         kservice.o
    0x080032ac   0x080032ac   0x00000026   Code   RO         3382    i.rt_strncpy        kservice.o
    0x080032d2   0x080032d2   0x00000002   PAD
    0x080032d4   0x080032d4   0x000000ac   Code   RO         3540    i.rt_system_heap_init  mem.o
    0x08003380   0x08003380   0x00000034   Code   RO         3665    i.rt_system_scheduler_init  scheduler.o
    0x080033b4   0x080033b4   0x00000028   Code   RO         3666    i.rt_system_scheduler_start  scheduler.o
    0x080033dc   0x080033dc   0x0000000c   Code   RO         3844    i.rt_system_timer_init  timer.o
    0x080033e8   0x080033e8   0x00000002   Code   RO         3845    i.rt_system_timer_thread_init  timer.o
    0x080033ea   0x080033ea   0x00000048   Code   RO         3725    i.rt_thread_create  thread.o
    0x08003432   0x08003432   0x00000002   PAD
    0x08003434   0x08003434   0x00000058   Code   RO         3729    i.rt_thread_exit    thread.o
    0x0800348c   0x0800348c   0x00000006   Code   RO         3174    i.rt_thread_idle_entry  idle.o
    0x08003492   0x08003492   0x00000002   PAD
    0x08003494   0x08003494   0x00000078   Code   RO         3175    i.rt_thread_idle_excute  idle.o
    0x0800350c   0x0800350c   0x00000038   Code   RO         3177    i.rt_thread_idle_init  idle.o
    0x08003544   0x08003544   0x00000030   Code   RO         3731    i.rt_thread_init    thread.o
    0x08003574   0x08003574   0x0000000e   Code   RO         3732    i.rt_thread_mdelay  thread.o
    0x08003582   0x08003582   0x0000003c   Code   RO         3733    i.rt_thread_resume  thread.o
    0x080035be   0x080035be   0x00000002   PAD
    0x080035c0   0x080035c0   0x0000000c   Code   RO         3734    i.rt_thread_self    thread.o
    0x080035cc   0x080035cc   0x00000040   Code   RO         3735    i.rt_thread_sleep   thread.o
    0x0800360c   0x0800360c   0x0000002c   Code   RO         3736    i.rt_thread_startup  thread.o
    0x08003638   0x08003638   0x00000042   Code   RO         3737    i.rt_thread_suspend  thread.o
    0x0800367a   0x0800367a   0x00000020   Code   RO         3738    i.rt_thread_timeout  thread.o
    0x0800369a   0x0800369a   0x00000002   PAD
    0x0800369c   0x0800369c   0x00000060   Code   RO         3739    i.rt_thread_yield   thread.o
    0x080036fc   0x080036fc   0x00000032   Code   RO         3066    i.rt_tick_from_millisecond  clock.o
    0x0800372e   0x0800372e   0x00000002   PAD
    0x08003730   0x08003730   0x0000000c   Code   RO         3067    i.rt_tick_get       clock.o
    0x0800373c   0x0800373c   0x0000002c   Code   RO         3068    i.rt_tick_increase  clock.o
    0x08003768   0x08003768   0x00000068   Code   RO         3846    i.rt_timer_check    timer.o
    0x080037d0   0x080037d0   0x00000030   Code   RO         3847    i.rt_timer_control  timer.o
    0x08003800   0x08003800   0x00000020   Code   RO         3850    i.rt_timer_detach   timer.o
    0x08003820   0x08003820   0x00000028   Code   RO         3851    i.rt_timer_init     timer.o
    0x08003848   0x08003848   0x0000008c   Code   RO         3853    i.rt_timer_start    timer.o
    0x080038d4   0x080038d4   0x0000002e   Code   RO         3854    i.rt_timer_stop     timer.o
    0x08003902   0x08003902   0x00000002   PAD
    0x08003904   0x08003904   0x0000027c   Code   RO         3385    i.rt_vsnprintf      kservice.o
    0x08003b80   0x08003b80   0x00000004   Code   RO         3111    i.rti_board_end     components.o
    0x08003b84   0x08003b84   0x00000004   Code   RO         3112    i.rti_board_start   components.o
    0x08003b88   0x08003b88   0x00000004   Code   RO         3113    i.rti_end           components.o
    0x08003b8c   0x08003b8c   0x00000004   Code   RO         3114    i.rti_start         components.o
    0x08003b90   0x08003b90   0x0000002a   Code   RO         3115    i.rtthread_startup  components.o
    0x08003bba   0x08003bba   0x00000028   Code   RO         3387    i.skip_atoi         kservice.o
    0x08003be2   0x08003be2   0x00000008   Data   RO         2329    .constdata          stm32f4xx_hal_dma.o
    0x08003bea   0x08003bea   0x00000010   Data   RO         2986    .constdata          system_stm32f4xx.o
    0x08003bfa   0x08003bfa   0x00000008   Data   RO         2987    .constdata          system_stm32f4xx.o
    0x08003c02   0x08003c02   0x00000122   Data   RO         3389    .constdata          kservice.o
    0x08003d24   0x08003d24   0x00000004   Data   RO         3116    .rti_fn.0           components.o
    0x08003d28   0x08003d28   0x00000004   Data   RO         3117    .rti_fn.0.end       components.o
    0x08003d2c   0x08003d2c   0x00000004   Data   RO         3118    .rti_fn.1.end       components.o
    0x08003d30   0x08003d30   0x00000004   Data   RO         3119    .rti_fn.6.end       components.o
    0x08003d34   0x08003d34   0x00000020   Data   RO         3993    Region$$Table       anon$$obj.o


    Execution Region RW_IRAM1 (Exec base: 0x20000000, Load base: 0x08003d54, Size: 0x00001c78, Max: 0x00020000, ABSOLUTE)

    Exec Addr    Load Addr    Size         Type   Attr      Idx    E Section Name        Object

    0x20000000   0x08003d54   0x00000004   Data   RW          229    .data               mythread.o
    0x20000004   0x08003d58   0x00000024   Data   RW          313    .data               main.o
    0x20000028   0x08003d7c   0x0000000c   Data   RW         2756    .data               stm32f4xx_hal.o
    0x20000034   0x08003d88   0x00000004   Data   RW         2988    .data               system_stm32f4xx.o
    0x20000038   0x08003d8c   0x00000004   Data   RW         3028    .data               cpuport.o
    0x2000003c   0x08003d90   0x00000004   Data   RW         3029    .data               cpuport.o
    0x20000040   0x08003d94   0x00000004   Data   RW         3030    .data               cpuport.o
    0x20000044   0x08003d98   0x00000004   Data   RW         3031    .data               cpuport.o
    0x20000048   0x08003d9c   0x00000004   Data   RW         3070    .data               clock.o
    0x2000004c   0x08003da0   0x00000001   Data   RW         3336    .data               irq.o
    0x2000004d   0x08003da1   0x00000003   PAD
    0x20000050   0x08003da4   0x00000018   Data   RW         3542    .data               mem.o
    0x20000068   0x08003dbc   0x00000040   Data   RW         3595    .data               object.o
    0x200000a8   0x08003dfc   0x00000014   Data   RW         3668    .data               scheduler.o
    0x200000bc   0x08003e10   0x0000000c   Data   RW         3855    .data               timer.o
    0x200000c8        -       0x00000474   Zero   RW           18    .bss                myusarthd.o
    0x2000053c        -       0x00000040   Zero   RW          421    .bss                tim.o
    0x2000057c        -       0x000000a0   Zero   RW          463    .bss                usart.o
    0x2000061c        -       0x00000178   Zero   RW         3178    .bss                idle.o
    0x20000794        -       0x00000080   Zero   RW         3388    .bss                kservice.o
    0x20000814        -       0x00000020   Zero   RW         3541    .bss                mem.o
    0x20000834        -       0x00000040   Zero   RW         3667    .bss                scheduler.o
    0x20000874        -       0x00001000   Zero   RW         3937    .bss                board.o
    0x20001874   0x08003e1c   0x00000004   PAD
    0x20001878        -       0x00000400   Zero   RW            1    STACK               startup_stm32f407xx.o


==============================================================================

Image component sizes


      Code (inc. data)   RO Data    RW Data    ZI Data      Debug   Object Name

       114         18          0          0       4096       2977   board.o
       106         12          0          4          0       1884   clock.o
       182         30         16          0          0       6122   components.o
       308         26          0          0          0        896   context_rvds.o
       588        344          0         16          0       4162   cpuport.o
        44          4          0          0          0        758   dma.o
       180         16          0          0          0        987   gpio.o
       202         26          0          0        376       5666   idle.o
       888          0          0          0          0      11368   ipc.o
        56         12          0          1          0       1642   irq.o
      1382        158        290          0        128      10991   kservice.o
       498        126          0         36          0       3569   main.o
       692        172          0         24         32       4040   mem.o
        68          8          0          0          0        603   mykey.o
       412         52          0          4          0       3610   mythread.o
       332         56          0          0       1140     698570   myusarthd.o
       312          6          0         64          0       8596   object.o
       416         56          0         20         64       8374   scheduler.o
        36          8        392          0       1024        840   startup_stm32f407xx.o
       128         20          0         12          0       3439   stm32f4xx_hal.o
       198         14          0          0          0      33959   stm32f4xx_hal_cortex.o
      1090         16          8          0          0       7378   stm32f4xx_hal_dma.o
       466         44          0          0          0       3720   stm32f4xx_hal_gpio.o
        48          6          0          0          0        834   stm32f4xx_hal_msp.o
      1260         76          0          0          0       5164   stm32f4xx_hal_rcc.o
       622         44          0          0          0       6661   stm32f4xx_hal_tim.o
        70          0          0          0          0       2445   stm32f4xx_hal_tim_ex.o
      2042         28          0          0          0      14135   stm32f4xx_hal_uart.o
        60         18          0          0          0       4191   stm32f4xx_it.o
       204         34         24          4          0       1903   system_stm32f4xx.o
       756         44          0          0          0      12373   thread.o
       132         20          0          0         64       1574   tim.o
       484         14          0         12          0      10592   timer.o
       236         30          0          0        160       1777   usart.o

    ----------------------------------------------------------------------
     14654       1538        762        200       7088     885800   Object Totals
         0          0         32          0          0          0   (incl. Generated)
        42          0          0          3          4          0   (incl. Padding)

    ----------------------------------------------------------------------

      Code (inc. data)   RO Data    RW Data    ZI Data      Debug   Library Member Name

         0          0          0          0          0          0   entry.o
         0          0          0          0          0          0   entry10a.o
         0          0          0          0          0          0   entry11a.o
         8          4          0          0          0          0   entry2.o
         4          0          0          0          0          0   entry5.o
         0          0          0          0          0          0   entry7b.o
         0          0          0          0          0          0   entry8b.o
         8          4          0          0          0          0   entry9a.o
        30          0          0          0          0          0   handlers.o
        36          8          0          0          0         68   init.o
        30          0          0          0          0         68   llshl.o
        32          0          0          0          0         68   llushr.o
        36          0          0          0          0        108   memseta.o
        98          0          0          0          0         92   uldiv.o

    ----------------------------------------------------------------------
       284         16          0          0          0        404   Library Totals
         2          0          0          0          0          0   (incl. Padding)

    ----------------------------------------------------------------------

      Code (inc. data)   RO Data    RW Data    ZI Data      Debug   Library Name

       282         16          0          0          0        404   mc_w.l

    ----------------------------------------------------------------------
       284         16          0          0          0        404   Library Totals

    ----------------------------------------------------------------------

==============================================================================


      Code (inc. data)   RO Data    RW Data    ZI Data      Debug   

     14938       1554        762        200       7088     869104   Grand Totals
     14938       1554        762        200       7088     869104   ELF Image Totals
     14938       1554        762        200          0          0   ROM Totals

==============================================================================

    Total RO  Size (Code + RO Data)                15700 (  15.33kB)
    Total RW  Size (RW Data + ZI Data)              7288 (   7.12kB)
    Total ROM Size (Code + RO Data + RW Data)      15900 (  15.53kB)

==============================================================================

